Archive member included to satisfy reference by file (symbol)

D:/STM32CubeIDE_1.16.0/STM32CubeIDE/plugins/com.st.stm32cube.ide.mcu.externaltools.gnu-tools-for-stm32.12.3.rel1.win32_1.0.200.202406191623/tools/bin/../lib/gcc/arm-none-eabi/12.3.1/../../../../arm-none-eabi/lib/thumb/v7e-m+fp/hard\libc_nano.a(libc_a-exit.o)
                              D:/STM32CubeIDE_1.16.0/STM32CubeIDE/plugins/com.st.stm32cube.ide.mcu.externaltools.gnu-tools-for-stm32.12.3.rel1.win32_1.0.200.202406191623/tools/bin/../lib/gcc/arm-none-eabi/12.3.1/../../../../arm-none-eabi/lib/thumb/v7e-m+fp/hard/crt0.o (exit)
D:/STM32CubeIDE_1.16.0/STM32CubeIDE/plugins/com.st.stm32cube.ide.mcu.externaltools.gnu-tools-for-stm32.12.3.rel1.win32_1.0.200.202406191623/tools/bin/../lib/gcc/arm-none-eabi/12.3.1/../../../../arm-none-eabi/lib/thumb/v7e-m+fp/hard\libc_nano.a(libc_a-findfp.o)
                              D:/STM32CubeIDE_1.16.0/STM32CubeIDE/plugins/com.st.stm32cube.ide.mcu.externaltools.gnu-tools-for-stm32.12.3.rel1.win32_1.0.200.202406191623/tools/bin/../lib/gcc/arm-none-eabi/12.3.1/../../../../arm-none-eabi/lib/thumb/v7e-m+fp/hard\libc_nano.a(libc_a-exit.o) (__stdio_exit_handler)
D:/STM32CubeIDE_1.16.0/STM32CubeIDE/plugins/com.st.stm32cube.ide.mcu.externaltools.gnu-tools-for-stm32.12.3.rel1.win32_1.0.200.202406191623/tools/bin/../lib/gcc/arm-none-eabi/12.3.1/../../../../arm-none-eabi/lib/thumb/v7e-m+fp/hard\libc_nano.a(libc_a-fwalk.o)
                              D:/STM32CubeIDE_1.16.0/STM32CubeIDE/plugins/com.st.stm32cube.ide.mcu.externaltools.gnu-tools-for-stm32.12.3.rel1.win32_1.0.200.202406191623/tools/bin/../lib/gcc/arm-none-eabi/12.3.1/../../../../arm-none-eabi/lib/thumb/v7e-m+fp/hard\libc_nano.a(libc_a-findfp.o) (_fwalk_sglue)
D:/STM32CubeIDE_1.16.0/STM32CubeIDE/plugins/com.st.stm32cube.ide.mcu.externaltools.gnu-tools-for-stm32.12.3.rel1.win32_1.0.200.202406191623/tools/bin/../lib/gcc/arm-none-eabi/12.3.1/../../../../arm-none-eabi/lib/thumb/v7e-m+fp/hard\libc_nano.a(libc_a-stdio.o)
                              D:/STM32CubeIDE_1.16.0/STM32CubeIDE/plugins/com.st.stm32cube.ide.mcu.externaltools.gnu-tools-for-stm32.12.3.rel1.win32_1.0.200.202406191623/tools/bin/../lib/gcc/arm-none-eabi/12.3.1/../../../../arm-none-eabi/lib/thumb/v7e-m+fp/hard\libc_nano.a(libc_a-findfp.o) (__sread)
D:/STM32CubeIDE_1.16.0/STM32CubeIDE/plugins/com.st.stm32cube.ide.mcu.externaltools.gnu-tools-for-stm32.12.3.rel1.win32_1.0.200.202406191623/tools/bin/../lib/gcc/arm-none-eabi/12.3.1/../../../../arm-none-eabi/lib/thumb/v7e-m+fp/hard\libc_nano.a(libc_a-memset.o)
                              D:/STM32CubeIDE_1.16.0/STM32CubeIDE/plugins/com.st.stm32cube.ide.mcu.externaltools.gnu-tools-for-stm32.12.3.rel1.win32_1.0.200.202406191623/tools/bin/../lib/gcc/arm-none-eabi/12.3.1/../../../../arm-none-eabi/lib/thumb/v7e-m+fp/hard/crt0.o (memset)
D:/STM32CubeIDE_1.16.0/STM32CubeIDE/plugins/com.st.stm32cube.ide.mcu.externaltools.gnu-tools-for-stm32.12.3.rel1.win32_1.0.200.202406191623/tools/bin/../lib/gcc/arm-none-eabi/12.3.1/../../../../arm-none-eabi/lib/thumb/v7e-m+fp/hard\libc_nano.a(libc_a-closer.o)
                              D:/STM32CubeIDE_1.16.0/STM32CubeIDE/plugins/com.st.stm32cube.ide.mcu.externaltools.gnu-tools-for-stm32.12.3.rel1.win32_1.0.200.202406191623/tools/bin/../lib/gcc/arm-none-eabi/12.3.1/../../../../arm-none-eabi/lib/thumb/v7e-m+fp/hard\libc_nano.a(libc_a-stdio.o) (_close_r)
D:/STM32CubeIDE_1.16.0/STM32CubeIDE/plugins/com.st.stm32cube.ide.mcu.externaltools.gnu-tools-for-stm32.12.3.rel1.win32_1.0.200.202406191623/tools/bin/../lib/gcc/arm-none-eabi/12.3.1/../../../../arm-none-eabi/lib/thumb/v7e-m+fp/hard\libc_nano.a(libc_a-reent.o)
                              D:/STM32CubeIDE_1.16.0/STM32CubeIDE/plugins/com.st.stm32cube.ide.mcu.externaltools.gnu-tools-for-stm32.12.3.rel1.win32_1.0.200.202406191623/tools/bin/../lib/gcc/arm-none-eabi/12.3.1/../../../../arm-none-eabi/lib/thumb/v7e-m+fp/hard\libc_nano.a(libc_a-closer.o) (errno)
D:/STM32CubeIDE_1.16.0/STM32CubeIDE/plugins/com.st.stm32cube.ide.mcu.externaltools.gnu-tools-for-stm32.12.3.rel1.win32_1.0.200.202406191623/tools/bin/../lib/gcc/arm-none-eabi/12.3.1/../../../../arm-none-eabi/lib/thumb/v7e-m+fp/hard\libc_nano.a(libc_a-impure.o)
                              D:/STM32CubeIDE_1.16.0/STM32CubeIDE/plugins/com.st.stm32cube.ide.mcu.externaltools.gnu-tools-for-stm32.12.3.rel1.win32_1.0.200.202406191623/tools/bin/../lib/gcc/arm-none-eabi/12.3.1/../../../../arm-none-eabi/lib/thumb/v7e-m+fp/hard\libc_nano.a(libc_a-reent.o) (_impure_ptr)
D:/STM32CubeIDE_1.16.0/STM32CubeIDE/plugins/com.st.stm32cube.ide.mcu.externaltools.gnu-tools-for-stm32.12.3.rel1.win32_1.0.200.202406191623/tools/bin/../lib/gcc/arm-none-eabi/12.3.1/../../../../arm-none-eabi/lib/thumb/v7e-m+fp/hard\libc_nano.a(libc_a-lseekr.o)
[...]
Memory Configuration

Name             Origin             Length             Attributes
CCMRAM           0x10000000         0x00010000         xrw
RAM              0x20000000         0x00030000         xrw
FLASH            0x08000000         0x00200000         xr
*default*        0x00000000         0xffffffff

Linker script and memory map

LOAD D:/STM32CubeIDE_1.16.0/STM32CubeIDE/plugins/com.st.stm32cube.ide.mcu.externaltools.gnu-tools-for-stm32.12.3.rel1.win32_1.0.200.202406191623/tools/bin/../lib/gcc/arm-none-eabi/12.3.1/thumb/v7e-m+fp/hard/crti.o
LOAD D:/STM32CubeIDE_1.16.0/STM32CubeIDE/plugins/com.st.stm32cube.ide.mcu.externaltools.gnu-tools-for-stm32.12.3.rel1.win32_1.0.200.202406191623/tools/bin/../lib/gcc/arm-none-eabi/12.3.1/thumb/v7e-m+fp/hard/crtbegin.o
LOAD D:/STM32CubeIDE_1.16.0/STM32CubeIDE/plugins/com.st.stm32cube.ide.mcu.externaltools.gnu-tools-for-stm32.12.3.rel1.win32_1.0.200.202406191623/tools/bin/../lib/gcc/arm-none-eabi/12.3.1/../../../../arm-none-eabi/lib/thumb/v7e-m+fp/hard/crt0.o
LOAD ./Core/Src/LCD_Driver.o
LOAD ./Core/Src/button.o
LOAD ./Core/Src/ili9341.o
LOAD ./Core/Src/includes.o
LOAD ./Core/Src/main.o
LOAD ./Core/Src/mosfet.o
LOAD ./Core/Src/stm32f4xx_hal_msp.o
LOAD ./Core/Src/stm32f4xx_it.o
LOAD ./Core/Src/stmpe811.o
LOAD ./Core/Src/syscalls.o
LOAD ./Core/Src/sysmem.o
LOAD ./Core/Src/system_stm32f4xx.o
LOAD ./Core/Startup/startup_stm32f429zitx.o
LOAD ./Drivers/STM32F4xx_HAL_Driver/Src/stm32f4xx_hal.o
LOAD ./Drivers/STM32F4xx_HAL_Driver/Src/stm32f4xx_hal_cortex.o
LOAD ./Drivers/STM32F4xx_HAL_Driver/Src/stm32f4xx_hal_dma.o
LOAD ./Drivers/STM32F4xx_HAL_Driver/Src/stm32f4xx_hal_dma_ex.o
LOAD ./Drivers/STM32F4xx_HAL_Driver/Src/stm32f4xx_hal_exti.o
LOAD ./Drivers/STM32F4xx_HAL_Driver/Src/stm32f4xx_hal_flash.o
LOAD ./Drivers/STM32F4xx_HAL_Driver/Src/stm32f4xx_hal_flash_ex.o
LOAD ./Drivers/STM32F4xx_HAL_Driver/Src/stm32f4xx_hal_flash_ramfunc.o
LOAD ./Drivers/STM32F4xx_HAL_Driver/Src/stm32f4xx_hal_gpio.o
LOAD ./Drivers/STM32F4xx_HAL_Driver/Src/stm32f4xx_hal_ltdc_ex.o
LOAD ./Drivers/STM32F4xx_HAL_Driver/Src/stm32f4xx_hal_pwr.o
LOAD ./Drivers/STM32F4xx_HAL_Driver/Src/stm32f4xx_hal_pwr_ex.o
LOAD ./Drivers/STM32F4xx_HAL_Driver/Src/stm32f4xx_hal_rcc.o
LOAD ./Drivers/STM32F4xx_HAL_Driver/Src/stm32f4xx_hal_rcc_ex.o
LOAD ./Drivers/STM32F4xx_HAL_Driver/Src/stm32f4xx_hal_spi.o
LOAD ./Drivers/STM32F4xx_HAL_Driver/Src/stm32fxx_hal_ltdc.o
START GROUP
LOAD D:/STM32CubeIDE_1.16.0/STM32CubeIDE/plugins/com.st.stm32cube.ide.mcu.externaltools.gnu-tools-for-stm32.12.3.rel1.win32_1.0.200.202406191623/tools/bin/../lib/gcc/arm-none-eabi/12.3.1/../../../../arm-none-eabi/lib/thumb/v7e-m+fp/hard\libc_nano.a
LOAD D:/STM32CubeIDE_1.16.0/STM32CubeIDE/plugins/com.st.stm32cube.ide.mcu.externaltools.gnu-tools-for-stm32.12.3.rel1.win32_1.0.200.202406191623/tools/bin/../lib/gcc/arm-none-eabi/12.3.1/../../../../arm-none-eabi/lib/thumb/v7e-m+fp/hard\libm.a
END GROUP
START GROUP
LOAD D:/STM32CubeIDE_1.16.0/STM32CubeIDE/plugins/com.st.stm32cube.ide.mcu.externaltools.gnu-tools-for-stm32.12.3.rel1.win32_1.0.200.202406191623/tools/bin/../lib/gcc/arm-none-eabi/12.3.1/thumb/v7e-m+fp/hard\libgcc.a
LOAD D:/STM32CubeIDE_1.16.0/STM32CubeIDE/plugins/com.st.stm32cube.ide.mcu.externaltools.gnu-tools-for-stm32.12.3.rel1.win32_1.0.200.202406191623/tools/bin/../lib/gcc/arm-none-eabi/12.3.1/../../../../arm-none-eabi/lib/thumb/v7e-m+fp/hard\libc_nano.a
END GROUP
START GROUP
LOAD D:/STM32CubeIDE_1.16.0/STM32CubeIDE/plugins/com.st.stm32cube.ide.mcu.externaltools.gnu-tools-for-stm32.12.3.rel1.win32_1.0.200.202406191623/tools/bin/../lib/gcc/arm-none-eabi/12.3.1/thumb/v7e-m+fp/hard\libgcc.a
LOAD D:/STM32CubeIDE_1.16.0/STM32CubeIDE/plugins/com.st.stm32cube.ide.mcu.externaltools.gnu-tools-for-stm32.12.3.rel1.win32_1.0.200.202406191623/tools/bin/../lib/gcc/arm-none-eabi/12.3.1/../../../../arm-none-eabi/lib/thumb/v7e-m+fp/hard\libc_nano.a
LOAD D:/STM32CubeIDE_1.16.0/STM32CubeIDE/plugins/com.st.stm32cube.ide.mcu.externaltools.gnu-tools-for-stm32.12.3.rel1.win32_1.0.200.202406191623/tools/bin/../lib/gcc/arm-none-eabi/12.3.1/../../../../arm-none-eabi/lib/thumb/v7e-m+fp/hard\libnosys.a
END GROUP
START GROUP
LOAD D:/STM32CubeIDE_1.16.0/STM32CubeIDE/plugins/com.st.stm32cube.ide.mcu.externaltools.gnu-tools-for-stm32.12.3.rel1.win32_1.0.200.202406191623/tools/bin/../lib/gcc/arm-none-eabi/12.3.1/thumb/v7e-m+fp/hard\libgcc.a
LOAD D:/STM32CubeIDE_1.16.0/STM32CubeIDE/plugins/com.st.stm32cube.ide.mcu.externaltools.gnu-tools-for-stm32.12.3.rel1.win32_1.0.200.202406191623/tools/bin/../lib/gcc/arm-none-eabi/12.3.1/../../../../arm-none-eabi/lib/thumb/v7e-m+fp/hard\libc_nano.a
LOAD D:/STM32CubeIDE_1.16.0/STM32CubeIDE/plugins/com.st.stm32cube.ide.mcu.externaltools.gnu-tools-for-stm32.12.3.rel1.win32_1.0.200.202406191623/tools/bin/../lib/gcc/arm-none-eabi/12.3.1/../../../../arm-none-eabi/lib/thumb/v7e-m+fp/hard\libnosys.a
END GROUP
LOAD D:/STM32CubeIDE_1.16.0/STM32CubeIDE/plugins/com.st.stm32cube.ide.mcu.externaltools.gnu-tools-for-stm32.12.3.rel1.win32_1.0.200.202406191623/tools/bin/../lib/gcc/arm-none-eabi/12.3.1/thumb/v7e-m+fp/hard/crtend.o
LOAD D:/STM32CubeIDE_1.16.0/STM32CubeIDE/plugins/com.st.stm32cube.ide.mcu.externaltools.gnu-tools-for-stm32.12.3.rel1.win32_1.0.200.202406191623/tools/bin/../lib/gcc/arm-none-eabi/12.3.1/thumb/v7e-m+fp/hard/crtn.o
                0x20030000                        _estack = (ORIGIN (RAM) + LENGTH (RAM))
                0x00000200                        _Min_Heap_Size = 0x200
                0x00000400                        _Min_Stack_Size = 0x400

.isr_vector     0x08000000      0x1ac
                0x08000000                        . = ALIGN (0x4)
 *(.isr_vector)
 .isr_vector    0x08000000      0x1ac ./Core/Startup/startup_stm32f429zitx.o
                0x08000000                g_pfnVectors
                0x080001ac                        . = ALIGN (0x4)

.text           0x080001ac     0x33b4
                0x080001ac                        . = ALIGN (0x4)
 *(.text)
 .text          0x080001ac       0x40 D:/STM32CubeIDE_1.16.0/STM32CubeIDE/plugins/com.st.stm32cube.ide.mcu.externaltools.gnu-tools-for-stm32.12.3.rel1.win32_1.0.200.202406191623/tools/bin/../lib/gcc/arm-none-eabi/12.3.1/thumb/v7e-m+fp/hard/crtbegin.o
 .text          0x080001ec       0x30 D:/STM32CubeIDE_1.16.0/STM32CubeIDE/plugins/com.st.stm32cube.ide.mcu.externaltools.gnu-tools-for-stm32.12.3.rel1.win32_1.0.200.202406191623/tools/bin/../lib/gcc/arm-none-eabi/12.3.1/thumb/v7e-m+fp/hard\libgcc.a(_aeabi_uldivmod.o)
                0x080001ec                __aeabi_uldivmod
 .text          0x0800021c      0x2bc D:/STM32CubeIDE_1.16.0/STM32CubeIDE/plugins/com.st.stm32cube.ide.mcu.externaltools.gnu-tools-for-stm32.12.3.rel1.win32_1.0.200.202406191623/tools/bin/../lib/gcc/arm-none-eabi/12.3.1/thumb/v7e-m+fp/hard\libgcc.a(_udivmoddi4.o)
                0x0800021c                __udivmoddi4
 .text          0x080004d8        0x4 D:/STM32CubeIDE_1.16.0/STM32CubeIDE/plugins/com.st.stm32cube.ide.mcu.externaltools.gnu-tools-for-stm32.12.3.rel1.win32_1.0.200.202406191623/tools/bin/../lib/gcc/arm-none-eabi/12.3.1/thumb/v7e-m+fp/hard\libgcc.a(_dvmd_tls.o)
                0x080004d8                __aeabi_idiv0
                0x080004d8                __aeabi_ldiv0
 *(.text*)
 .text.LCD_GPIO_Init
                0x080004dc      0x190 ./Core/Src/LCD_Driver.o
                0x080004dc                LCD_GPIO_Init
 .text.LTCD_Layer_Init
                0x0800066c       0x80 ./Core/Src/LCD_Driver.o
                0x0800066c                LTCD_Layer_Init
 .text.LTCD__Init
                0x080006ec       0xbc ./Core/Src/LCD_Driver.o
                0x080006ec                LTCD__Init
 .text.LCD_Clear
                0x080007a8       0x44 ./Core/Src/LCD_Driver.o
                0x080007a8                LCD_Clear
 .text.LCD_Error_Handler
                0x080007ec        0xc ./Core/Src/LCD_Driver.o
                0x080007ec                LCD_Error_Handler
 .text.ili9341_Init
                0x080007f8      0x294 ./Core/Src/ili9341.o
                0x080007f8                ili9341_Init
 .text.ili9341_Write_Reg
                0x08000a8c       0x1a ./Core/Src/ili9341.o
                0x08000a8c                ili9341_Write_Reg
 .text.ili9341_Send_Data
                0x08000aa6       0x1a ./Core/Src/ili9341.o
                0x08000aa6                ili9341_Send_Data
 .text.SPI_Init
                0x08000ac0       0x74 ./Core/Src/ili9341.o
 .text.SPI_Write
                0x08000b34       0x3c ./Core/Src/ili9341.o
 .text.SPI_Error
                0x08000b70       0x18 ./Core/Src/ili9341.o
 .text.SPI_MspInit
                0x08000b88       0x74 ./Core/Src/ili9341.o
 .text.LCD_IO_Init
                0x08000bfc       0xf0 ./Core/Src/ili9341.o
                0x08000bfc                LCD_IO_Init
 .text.LCD_IO_WriteData
                0x08000cec       0x44 ./Core/Src/ili9341.o
                0x08000cec                LCD_IO_WriteData
 .text.LCD_IO_WriteReg
                0x08000d30       0x44 ./Core/Src/ili9341.o
                0x08000d30                LCD_IO_WriteReg
 .text.LCD_Delay
                0x08000d74       0x16 ./Core/Src/ili9341.o
                0x08000d74                LCD_Delay
 .text.main     0x08000d8a       0x38 ./Core/Src/main.o
                0x08000d8a                main
 *fill*         0x08000dc2        0x2 
 .text.SystemClock_Config
                0x08000dc4       0xd8 ./Core/Src/main.o
                0x08000dc4                SystemClock_Config
 .text.MX_GPIO_Init
                0x08000e9c      0x284 ./Core/Src/main.o
 .text.Update   0x08001120      0x21c ./Core/Src/main.o
                0x08001120                Update
 .text.Reset_Pins
                0x0800133c       0xb0 ./Core/Src/main.o
                0x0800133c                Reset_Pins
 .text.Polling  0x080013ec      0x164 ./Core/Src/main.o
                0x080013ec                Polling
 .text.getButtonState
                0x08001550       0x28 ./Core/Src/main.o
                0x08001550                getButtonState
 .text.Error_Handler
                0x08001578        0xc ./Core/Src/main.o
                0x08001578                Error_Handler
 .text.HAL_MspInit
                0x08001584       0x50 ./Core/Src/stm32f4xx_hal_msp.o
                0x08001584                HAL_MspInit
 .text.NMI_Handler
                0x080015d4        0x8 ./Core/Src/stm32f4xx_it.o
                0x080015d4                NMI_Handler
 .text.HardFault_Handler
                0x080015dc        0x8 ./Core/Src/stm32f4xx_it.o
                0x080015dc                HardFault_Handler
 .text.MemManage_Handler
                0x080015e4        0x8 ./Core/Src/stm32f4xx_it.o
                0x080015e4                MemManage_Handler
 .text.BusFault_Handler
                0x080015ec        0x8 ./Core/Src/stm32f4xx_it.o
                0x080015ec                BusFault_Handler
 .text.UsageFault_Handler
                0x080015f4        0x8 ./Core/Src/stm32f4xx_it.o
                0x080015f4                UsageFault_Handler
 .text.SVC_Handler
                0x080015fc        0xe ./Core/Src/stm32f4xx_it.o
                0x080015fc                SVC_Handler
 .text.DebugMon_Handler
                0x0800160a        0xe ./Core/Src/stm32f4xx_it.o
                0x0800160a                DebugMon_Handler
 .text.PendSV_Handler
                0x08001618        0xe ./Core/Src/stm32f4xx_it.o
                0x08001618                PendSV_Handler
 .text.SysTick_Handler
                0x08001626        0xc ./Core/Src/stm32f4xx_it.o
                0x08001626                SysTick_Handler
 *fill*         0x08001632        0x2 
 .text.SystemInit
                0x08001634       0x24 ./Core/Src/system_stm32f4xx.o
                0x08001634                SystemInit
 .text.Reset_Handler
                0x08001658       0x50 ./Core/Startup/startup_stm32f429zitx.o
                0x08001658                Reset_Handler
 .text.Default_Handler
                0x080016a8        0x2 ./Core/Startup/startup_stm32f429zitx.o
                0x080016a8                RTC_Alarm_IRQHandler
                0x080016a8                HASH_RNG_IRQHandler
                0x080016a8                EXTI2_IRQHandler
                0x080016a8                TIM8_CC_IRQHandler
                0x080016a8                UART8_IRQHandler
                0x080016a8                SPI4_IRQHandler
                0x080016a8                TIM1_CC_IRQHandler
                0x080016a8                DMA2_Stream5_IRQHandler
                0x080016a8                DMA1_Stream5_IRQHandler
                0x080016a8                PVD_IRQHandler
                0x080016a8                SDIO_IRQHandler
                0x080016a8                TAMP_STAMP_IRQHandler
                0x080016a8                CAN2_RX1_IRQHandler
                0x080016a8                EXTI3_IRQHandler
                0x080016a8                TIM8_TRG_COM_TIM14_IRQHandler
                0x080016a8                TIM1_UP_TIM10_IRQHandler
                0x080016a8                TIM8_UP_TIM13_IRQHandler
                0x080016a8                I2C3_ER_IRQHandler
                0x080016a8                EXTI0_IRQHandler
                0x080016a8                I2C2_EV_IRQHandler
                0x080016a8                DMA1_Stream2_IRQHandler
                0x080016a8                CAN1_RX0_IRQHandler
                0x080016a8                FPU_IRQHandler
                0x080016a8                OTG_HS_WKUP_IRQHandler
                0x080016a8                LTDC_ER_IRQHandler
                0x080016a8                CAN2_SCE_IRQHandler
                0x080016a8                DMA2_Stream2_IRQHandler
                0x080016a8                SPI1_IRQHandler
                0x080016a8                TIM6_DAC_IRQHandler
                0x080016a8                TIM1_BRK_TIM9_IRQHandler
                0x080016a8                DCMI_IRQHandler
                0x080016a8                CAN2_RX0_IRQHandler
                0x080016a8                DMA2_Stream3_IRQHandler
                0x080016a8                USART6_IRQHandler
                0x080016a8                USART3_IRQHandler
                0x080016a8                CAN1_RX1_IRQHandler
                0x080016a8                UART5_IRQHandler
                0x080016a8                DMA2_Stream0_IRQHandler
                0x080016a8                TIM4_IRQHandler
                0x080016a8                I2C1_EV_IRQHandler
                0x080016a8                DMA1_Stream6_IRQHandler
                0x080016a8                DMA1_Stream1_IRQHandler
                0x080016a8                UART4_IRQHandler
                0x080016a8                TIM3_IRQHandler
                0x080016a8                RCC_IRQHandler
                0x080016a8                TIM8_BRK_TIM12_IRQHandler
                0x080016a8                Default_Handler
                0x080016a8                EXTI15_10_IRQHandler
                0x080016a8                ADC_IRQHandler
                0x080016a8                DMA1_Stream7_IRQHandler
                0x080016a8                SPI5_IRQHandler
                0x080016a8                TIM7_IRQHandler
                0x080016a8                CAN2_TX_IRQHandler
                0x080016a8                TIM5_IRQHandler
                0x080016a8                DMA2_Stream7_IRQHandler
                0x080016a8                I2C3_EV_IRQHandler
                0x080016a8                EXTI9_5_IRQHandler
                0x080016a8                RTC_WKUP_IRQHandler
                0x080016a8                LTDC_IRQHandler
                0x080016a8                ETH_WKUP_IRQHandler
                0x080016a8                SPI2_IRQHandler
                0x080016a8                OTG_HS_EP1_IN_IRQHandler
                0x080016a8                DMA1_Stream0_IRQHandler
                0x080016a8                CAN1_TX_IRQHandler
                0x080016a8                EXTI4_IRQHandler
                0x080016a8                ETH_IRQHandler
                0x080016a8                OTG_HS_EP1_OUT_IRQHandler
                0x080016a8                WWDG_IRQHandler
                0x080016a8                SPI6_IRQHandler
                0x080016a8                TIM2_IRQHandler
                0x080016a8                OTG_FS_WKUP_IRQHandler
                0x080016a8                TIM1_TRG_COM_TIM11_IRQHandler
                0x080016a8                OTG_HS_IRQHandler
                0x080016a8                DMA2D_IRQHandler
                0x080016a8                EXTI1_IRQHandler
                0x080016a8                UART7_IRQHandler
                0x080016a8                USART2_IRQHandler
                0x080016a8                I2C2_ER_IRQHandler
                0x080016a8                DMA2_Stream1_IRQHandler
                0x080016a8                CAN1_SCE_IRQHandler
                0x080016a8                FLASH_IRQHandler
                0x080016a8                DMA2_Stream4_IRQHandler
                0x080016a8                USART1_IRQHandler
                0x080016a8                OTG_FS_IRQHandler
                0x080016a8                SPI3_IRQHandler
                0x080016a8                DMA1_Stream4_IRQHandler
                0x080016a8                I2C1_ER_IRQHandler
                0x080016a8                FMC_IRQHandler
                0x080016a8                DMA2_Stream6_IRQHandler
                0x080016a8                SAI1_IRQHandler
                0x080016a8                DMA1_Stream3_IRQHandler
 *fill*         0x080016aa        0x2 
 .text.HAL_Init
                0x080016ac       0x44 ./Drivers/STM32F4xx_HAL_Driver/Src/stm32f4xx_hal.o
                0x080016ac                HAL_Init
 .text.HAL_InitTick
                0x080016f0       0x60 ./Drivers/STM32F4xx_HAL_Driver/Src/stm32f4xx_hal.o
                0x080016f0                HAL_InitTick
 .text.HAL_IncTick
                0x08001750       0x28 ./Drivers/STM32F4xx_HAL_Driver/Src/stm32f4xx_hal.o
                0x08001750                HAL_IncTick
 .text.HAL_GetTick
                0x08001778       0x18 ./Drivers/STM32F4xx_HAL_Driver/Src/stm32f4xx_hal.o
                0x08001778                HAL_GetTick
 .text.HAL_Delay
                0x08001790       0x48 ./Drivers/STM32F4xx_HAL_Driver/Src/stm32f4xx_hal.o
                0x08001790                HAL_Delay
 .text.__NVIC_SetPriorityGrouping
                0x080017d8       0x48 ./Drivers/STM32F4xx_HAL_Driver/Src/stm32f4xx_hal_cortex.o
 .text.__NVIC_GetPriorityGrouping
                0x08001820       0x1c ./Drivers/STM32F4xx_HAL_Driver/Src/stm32f4xx_hal_cortex.o
 .text.__NVIC_SetPriority
                0x0800183c       0x54 ./Drivers/STM32F4xx_HAL_Driver/Src/stm32f4xx_hal_cortex.o
 .text.NVIC_EncodePriority
                0x08001890       0x66 ./Drivers/STM32F4xx_HAL_Driver/Src/stm32f4xx_hal_cortex.o
 *fill*         0x080018f6        0x2 
 .text.SysTick_Config
                0x080018f8       0x44 ./Drivers/STM32F4xx_HAL_Driver/Src/stm32f4xx_hal_cortex.o
 .text.HAL_NVIC_SetPriorityGrouping
                0x0800193c       0x16 ./Drivers/STM32F4xx_HAL_Driver/Src/stm32f4xx_hal_cortex.o
                0x0800193c                HAL_NVIC_SetPriorityGrouping
 .text.HAL_NVIC_SetPriority
                0x08001952       0x38 ./Drivers/STM32F4xx_HAL_Driver/Src/stm32f4xx_hal_cortex.o
                0x08001952                HAL_NVIC_SetPriority
 .text.HAL_SYSTICK_Config
                0x0800198a       0x18 ./Drivers/STM32F4xx_HAL_Driver/Src/stm32f4xx_hal_cortex.o
                0x0800198a                HAL_SYSTICK_Config
 *fill*         0x080019a2        0x2 
 .text.HAL_GPIO_Init
                0x080019a4      0x358 ./Drivers/STM32F4xx_HAL_Driver/Src/stm32f4xx_hal_gpio.o
                0x080019a4                HAL_GPIO_Init
 .text.HAL_GPIO_ReadPin
                0x08001cfc       0x30 ./Drivers/STM32F4xx_HAL_Driver/Src/stm32f4xx_hal_gpio.o
                0x08001cfc                HAL_GPIO_ReadPin
 .text.HAL_GPIO_WritePin
                0x08001d2c       0x32 ./Drivers/STM32F4xx_HAL_Driver/Src/stm32f4xx_hal_gpio.o
                0x08001d2c                HAL_GPIO_WritePin
 *fill*         0x08001d5e        0x2 
 .text.HAL_RCC_OscConfig
                0x08001d60      0x4f0 ./Drivers/STM32F4xx_HAL_Driver/Src/stm32f4xx_hal_rcc.o
                0x08001d60                HAL_RCC_OscConfig
 .text.HAL_RCC_ClockConfig
                0x08002250      0x1cc ./Drivers/STM32F4xx_HAL_Driver/Src/stm32f4xx_hal_rcc.o
                0x08002250                HAL_RCC_ClockConfig
 .text.HAL_RCC_GetSysClockFreq
                0x0800241c      0x20c ./Drivers/STM32F4xx_HAL_Driver/Src/stm32f4xx_hal_rcc.o
                0x0800241c                HAL_RCC_GetSysClockFreq
 .text.HAL_RCCEx_PeriphCLKConfig
                0x08002628      0x380 ./Drivers/STM32F4xx_HAL_Driver/Src/stm32f4xx_hal_rcc_ex.o
                0x08002628                HAL_RCCEx_PeriphCLKConfig
 .text.HAL_SPI_Init
                0x080029a8      0x112 ./Drivers/STM32F4xx_HAL_Driver/Src/stm32f4xx_hal_spi.o
                0x080029a8                HAL_SPI_Init
 .text.HAL_SPI_DeInit
                0x08002aba       0x50 ./Drivers/STM32F4xx_HAL_Driver/Src/stm32f4xx_hal_spi.o
                0x08002aba                HAL_SPI_DeInit
 .text.HAL_SPI_MspInit
                0x08002b0a       0x14 ./Drivers/STM32F4xx_HAL_Driver/Src/stm32f4xx_hal_spi.o
                0x08002b0a                HAL_SPI_MspInit
 .text.HAL_SPI_MspDeInit
                0x08002b1e       0x14 ./Drivers/STM32F4xx_HAL_Driver/Src/stm32f4xx_hal_spi.o
                0x08002b1e                HAL_SPI_MspDeInit
 .text.HAL_SPI_Transmit
                0x08002b32      0x288 ./Drivers/STM32F4xx_HAL_Driver/Src/stm32f4xx_hal_spi.o
                0x08002b32                HAL_SPI_Transmit
 .text.HAL_SPI_GetState
                0x08002dba       0x1c ./Drivers/STM32F4xx_HAL_Driver/Src/stm32f4xx_hal_spi.o
                0x08002dba                HAL_SPI_GetState
 *fill*         0x08002dd6        0x2 
 .text.SPI_WaitFlagStateUntilTimeout
                0x08002dd8      0x110 ./Drivers/STM32F4xx_HAL_Driver/Src/stm32f4xx_hal_spi.o
 .text.SPI_EndRxTxTransaction
                0x08002ee8       0xa8 ./Drivers/STM32F4xx_HAL_Driver/Src/stm32f4xx_hal_spi.o
 .text.HAL_LTDC_Init
                0x08002f90      0x1a0 ./Drivers/STM32F4xx_HAL_Driver/Src/stm32fxx_hal_ltdc.o
                0x08002f90                HAL_LTDC_Init
 .text.HAL_LTDC_MspInit
                0x08003130       0x14 ./Drivers/STM32F4xx_HAL_Driver/Src/stm32fxx_hal_ltdc.o
                0x08003130                HAL_LTDC_MspInit
 .text.HAL_LTDC_ConfigLayer
                0x08003144       0x7c ./Drivers/STM32F4xx_HAL_Driver/Src/stm32fxx_hal_ltdc.o
                0x08003144                HAL_LTDC_ConfigLayer
 .text.LTDC_SetConfig
                0x080031c0      0x32e ./Drivers/STM32F4xx_HAL_Driver/Src/stm32fxx_hal_ltdc.o
 .text.memset   0x080034ee       0x10 D:/STM32CubeIDE_1.16.0/STM32CubeIDE/plugins/com.st.stm32cube.ide.mcu.externaltools.gnu-tools-for-stm32.12.3.rel1.win32_1.0.200.202406191623/tools/bin/../lib/gcc/arm-none-eabi/12.3.1/../../../../arm-none-eabi/lib/thumb/v7e-m+fp/hard\libc_nano.a(libc_a-memset.o)
                0x080034ee                memset
 *fill*         0x080034fe        0x2 
 .text.__libc_init_array
                0x08003500       0x48 D:/STM32CubeIDE_1.16.0/STM32CubeIDE/plugins/com.st.stm32cube.ide.mcu.externaltools.gnu-tools-for-stm32.12.3.rel1.win32_1.0.200.202406191623/tools/bin/../lib/gcc/arm-none-eabi/12.3.1/../../../../arm-none-eabi/lib/thumb/v7e-m+fp/hard\libc_nano.a(libc_a-init.o)
                0x08003500                __libc_init_array
 *(.glue_7)
 .glue_7        0x08003548        0x0 linker stubs
 *(.glue_7t)
 .glue_7t       0x08003548        0x0 linker stubs
 *(.eh_frame)
 .eh_frame      0x08003548        0x0 D:/STM32CubeIDE_1.16.0/STM32CubeIDE/plugins/com.st.stm32cube.ide.mcu.externaltools.gnu-tools-for-stm32.12.3.rel1.win32_1.0.200.202406191623/tools/bin/../lib/gcc/arm-none-eabi/12.3.1/thumb/v7e-m+fp/hard/crtbegin.o
 *(.init)
 .init          0x08003548        0x4 D:/STM32CubeIDE_1.16.0/STM32CubeIDE/plugins/com.st.stm32cube.ide.mcu.externaltools.gnu-tools-for-stm32.12.3.rel1.win32_1.0.200.202406191623/tools/bin/../lib/gcc/arm-none-eabi/12.3.1/thumb/v7e-m+fp/hard/crti.o
                0x08003548                _init
 .init          0x0800354c        0x8 D:/STM32CubeIDE_1.16.0/STM32CubeIDE/plugins/com.st.stm32cube.ide.mcu.externaltools.gnu-tools-for-stm32.12.3.rel1.win32_1.0.200.202406191623/tools/bin/../lib/gcc/arm-none-eabi/12.3.1/thumb/v7e-m+fp/hard/crtn.o
 *(.fini)
 .fini          0x08003554        0x4 D:/STM32CubeIDE_1.16.0/STM32CubeIDE/plugins/com.st.stm32cube.ide.mcu.externaltools.gnu-tools-for-stm32.12.3.rel1.win32_1.0.200.202406191623/tools/bin/../lib/gcc/arm-none-eabi/12.3.1/thumb/v7e-m+fp/hard/crti.o
                0x08003554                _fini
 .fini          0x08003558        0x8 D:/STM32CubeIDE_1.16.0/STM32CubeIDE/plugins/com.st.stm32cube.ide.mcu.externaltools.gnu-tools-for-stm32.12.3.rel1.win32_1.0.200.202406191623/tools/bin/../lib/gcc/arm-none-eabi/12.3.1/thumb/v7e-m+fp/hard/crtn.o
                0x08003560                        . = ALIGN (0x4)
                0x08003560                        _etext = .

.vfp11_veneer   0x08003560        0x0
 .vfp11_veneer  0x08003560        0x0 linker stubs

.v4_bx          0x08003560        0x0
 .v4_bx         0x08003560        0x0 linker stubs

.iplt           0x08003560        0x0
 .iplt          0x08003560        0x0 D:/STM32CubeIDE_1.16.0/STM32CubeIDE/plugins/com.st.stm32cube.ide.mcu.externaltools.gnu-tools-for-stm32.12.3.rel1.win32_1.0.200.202406191623/tools/bin/../lib/gcc/arm-none-eabi/12.3.1/thumb/v7e-m+fp/hard/crtbegin.o

.rodata         0x08003560       0x10
                0x08003560                        . = ALIGN (0x4)
 *(.rodata)
 *(.rodata*)
 .rodata.AHBPrescTable
                0x08003560       0x10 ./Core/Src/system_stm32f4xx.o
                0x08003560                AHBPrescTable
                0x08003570                        . = ALIGN (0x4)

.ARM.extab      0x08003570        0x0
                0x08003570                        . = ALIGN (0x4)
 *(.ARM.extab* .gnu.linkonce.armextab.*)
                0x08003570                        . = ALIGN (0x4)

.ARM            0x08003570        0x8
                0x08003570                        . = ALIGN (0x4)
                0x08003570                        __exidx_start = .
 *(.ARM.exidx*)
 .ARM.exidx     0x08003570        0x8 D:/STM32CubeIDE_1.16.0/STM32CubeIDE/plugins/com.st.stm32cube.ide.mcu.externaltools.gnu-tools-for-stm32.12.3.rel1.win32_1.0.200.202406191623/tools/bin/../lib/gcc/arm-none-eabi/12.3.1/thumb/v7e-m+fp/hard\libgcc.a(_udivmoddi4.o)
                0x08003578                        __exidx_end = .
                0x08003578                        . = ALIGN (0x4)

.preinit_array  0x08003578        0x0
                0x08003578                        . = ALIGN (0x4)
                0x08003578                        PROVIDE (__preinit_array_start = .)
 *(.preinit_array*)
                0x08003578                        PROVIDE (__preinit_array_end = .)
                0x08003578                        . = ALIGN (0x4)

.init_array     0x08003578        0x4
                0x08003578                        . = ALIGN (0x4)
                0x08003578                        PROVIDE (__init_array_start = .)
 *(SORT_BY_NAME(.init_array.*))
 *(.init_array*)
 .init_array    0x08003578        0x4 D:/STM32CubeIDE_1.16.0/STM32CubeIDE/plugins/com.st.stm32cube.ide.mcu.externaltools.gnu-tools-for-stm32.12.3.rel1.win32_1.0.200.202406191623/tools/bin/../lib/gcc/arm-none-eabi/12.3.1/thumb/v7e-m+fp/hard/crtbegin.o
                0x0800357c                        PROVIDE (__init_array_end = .)
                0x0800357c                        . = ALIGN (0x4)

.fini_array     0x0800357c        0x4
                0x0800357c                        . = ALIGN (0x4)
                [!provide]                        PROVIDE (__fini_array_start = .)
 *(SORT_BY_NAME(.fini_array.*))
 *(.fini_array*)
 .fini_array    0x0800357c        0x4 D:/STM32CubeIDE_1.16.0/STM32CubeIDE/plugins/com.st.stm32cube.ide.mcu.externaltools.gnu-tools-for-stm32.12.3.rel1.win32_1.0.200.202406191623/tools/bin/../lib/gcc/arm-none-eabi/12.3.1/thumb/v7e-m+fp/hard/crtbegin.o
                [!provide]                        PROVIDE (__fini_array_end = .)
                0x08003580                        . = ALIGN (0x4)
                0x08003580                        _sidata = LOADADDR (.data)

.rel.dyn        0x08003580        0x0
 .rel.iplt      0x08003580        0x0 D:/STM32CubeIDE_1.16.0/STM32CubeIDE/plugins/com.st.stm32cube.ide.mcu.externaltools.gnu-tools-for-stm32.12.3.rel1.win32_1.0.200.202406191623/tools/bin/../lib/gcc/arm-none-eabi/12.3.1/thumb/v7e-m+fp/hard/crtbegin.o

.data           0x20000000       0x10 load address 0x08003580
                0x20000000                        . = ALIGN (0x4)
                0x20000000                        _sdata = .
 *(.data)
 *(.data*)
 .data.SpiTimeout
                0x20000000        0x4 ./Core/Src/ili9341.o
                0x20000000                SpiTimeout
 .data.SystemCoreClock
                0x20000004        0x4 ./Core/Src/system_stm32f4xx.o
                0x20000004                SystemCoreClock
 .data.uwTickPrio
                0x20000008        0x4 ./Drivers/STM32F4xx_HAL_Driver/Src/stm32f4xx_hal.o
                0x20000008                uwTickPrio
 .data.uwTickFreq
                0x2000000c        0x1 ./Drivers/STM32F4xx_HAL_Driver/Src/stm32f4xx_hal.o
                0x2000000c                uwTickFreq
 *(.RamFunc)
 *(.RamFunc*)
                0x20000010                        . = ALIGN (0x4)
 *fill*         0x2000000d        0x3 
                0x20000010                        _edata = .
                0x08003590                        _siccmram = LOADADDR (.ccmram)

.igot.plt       0x20000010        0x0 load address 0x08003590
 .igot.plt      0x20000010        0x0 D:/STM32CubeIDE_1.16.0/STM32CubeIDE/plugins/com.st.stm32cube.ide.mcu.externaltools.gnu-tools-for-stm32.12.3.rel1.win32_1.0.200.202406191623/tools/bin/../lib/gcc/arm-none-eabi/12.3.1/thumb/v7e-m+fp/hard/crtbegin.o

.ccmram         0x10000000        0x0 load address 0x08003590
                0x10000000                        . = ALIGN (0x4)
                0x10000000                        _sccmram = .
 *(.ccmram)
 *(.ccmram*)
                0x10000000                        . = ALIGN (0x4)
                0x10000000                        _eccmram = .
                0x10000000                        . = ALIGN (0x4)

.bss            0x20000010    0x25960
                0x20000010                        _sbss = .
                0x20000010                        __bss_start__ = _sbss
 *(.bss)
 .bss           0x20000010       0x1c D:/STM32CubeIDE_1.16.0/STM32CubeIDE/plugins/com.st.stm32cube.ide.mcu.externaltools.gnu-tools-for-stm32.12.3.rel1.win32_1.0.200.202406191623/tools/bin/../lib/gcc/arm-none-eabi/12.3.1/thumb/v7e-m+fp/hard/crtbegin.o
 *(.bss*)
 .bss.hltdc     0x2000002c       0xa8 ./Core/Src/LCD_Driver.o
 .bss.PeriphClkInitStruct
                0x200000d4       0x30 ./Core/Src/LCD_Driver.o
 .bss.frameBuffer
                0x20000104    0x25800 ./Core/Src/LCD_Driver.o
                0x20000104                frameBuffer
 .bss.SpiHandle
                0x20025904       0x58 ./Core/Src/ili9341.o
 .bss.Is_LCD_IO_Initialized
                0x2002595c        0x1 ./Core/Src/ili9341.o
 *fill*         0x2002595d        0x3 
 .bss.Notes     0x20025960        0xc ./Core/Src/main.o
                0x20025960                Notes
 .bss.uwTick    0x2002596c        0x4 ./Drivers/STM32F4xx_HAL_Driver/Src/stm32f4xx_hal.o
                0x2002596c                uwTick
 *(COMMON)
                0x20025970                        . = ALIGN (0x4)
                0x20025970                        _ebss = .
                0x20025970                        __bss_end__ = _ebss

._user_heap_stack
                0x20025970      0x600
                0x20025970                        . = ALIGN (0x8)
                [!provide]                        PROVIDE (end = .)
                0x20025970                        PROVIDE (_end = .)
                0x20025b70                        . = (. + _Min_Heap_Size)
 *fill*         0x20025970      0x200 
                0x20025f70                        . = (. + _Min_Stack_Size)
 *fill*         0x20025b70      0x400 
                0x20025f70                        . = ALIGN (0x8)

/DISCARD/
 libc.a(*)
 libm.a(*)
 libgcc.a(*)

.ARM.attributes
                0x00000000       0x30
 *(.ARM.attributes)
 .ARM.attributes
                0x00000000       0x22 D:/STM32CubeIDE_1.16.0/STM32CubeIDE/plugins/com.st.stm32cube.ide.mcu.externaltools.gnu-tools-for-stm32.12.3.rel1.win32_1.0.200.202406191623/tools/bin/../lib/gcc/arm-none-eabi/12.3.1/thumb/v7e-m+fp/hard/crti.o
 .ARM.attributes
                0x00000022       0x34 D:/STM32CubeIDE_1.16.0/STM32CubeIDE/plugins/com.st.stm32cube.ide.mcu.externaltools.gnu-tools-for-stm32.12.3.rel1.win32_1.0.200.202406191623/tools/bin/../lib/gcc/arm-none-eabi/12.3.1/thumb/v7e-m+fp/hard/crtbegin.o
 .ARM.attributes
                0x00000056       0x34 ./Core/Src/LCD_Driver.o
 .ARM.attributes
                0x0000008a       0x34 ./Core/Src/ili9341.o
 .ARM.attributes
                0x000000be       0x34 ./Core/Src/main.o
 .ARM.attributes
                0x000000f2       0x34 ./Core/Src/stm32f4xx_hal_msp.o
 .ARM.attributes
                0x00000126       0x34 ./Core/Src/stm32f4xx_it.o
 .ARM.attributes
                0x0000015a       0x34 ./Core/Src/system_stm32f4xx.o
 .ARM.attributes
                0x0000018e       0x21 ./Core/Startup/startup_stm32f429zitx.o
 .ARM.attributes
                0x000001af       0x34 ./Drivers/STM32F4xx_HAL_Driver/Src/stm32f4xx_hal.o
 .ARM.attributes
                0x000001e3       0x34 ./Drivers/STM32F4xx_HAL_Driver/Src/stm32f4xx_hal_cortex.o
 .ARM.attributes
                0x00000217       0x34 ./Drivers/STM32F4xx_HAL_Driver/Src/stm32f4xx_hal_gpio.o
 .ARM.attributes
                0x0000024b       0x34 ./Drivers/STM32F4xx_HAL_Driver/Src/stm32f4xx_hal_rcc.o
 .ARM.attributes
                0x0000027f       0x34 ./Drivers/STM32F4xx_HAL_Driver/Src/stm32f4xx_hal_rcc_ex.o
 .ARM.attributes
                0x000002b3       0x34 ./Drivers/STM32F4xx_HAL_Driver/Src/stm32f4xx_hal_spi.o
 .ARM.attributes
                0x000002e7       0x34 ./Drivers/STM32F4xx_HAL_Driver/Src/stm32fxx_hal_ltdc.o
 .ARM.attributes
                0x0000031b       0x34 D:/STM32CubeIDE_1.16.0/STM32CubeIDE/plugins/com.st.stm32cube.ide.mcu.externaltools.gnu-tools-for-stm32.12.3.rel1.win32_1.0.200.202406191623/tools/bin/../lib/gcc/arm-none-eabi/12.3.1/../../../../arm-none-eabi/lib/thumb/v7e-m+fp/hard\libc_nano.a(libc_a-memset.o)
 .ARM.attributes
                0x0000034f       0x34 D:/STM32CubeIDE_1.16.0/STM32CubeIDE/plugins/com.st.stm32cube.ide.mcu.externaltools.gnu-tools-for-stm32.12.3.rel1.win32_1.0.200.202406191623/tools/bin/../lib/gcc/arm-none-eabi/12.3.1/../../../../arm-none-eabi/lib/thumb/v7e-m+fp/hard\libc_nano.a(libc_a-init.o)
 .ARM.attributes
                0x00000383       0x22 D:/STM32CubeIDE_1.16.0/STM32CubeIDE/plugins/com.st.stm32cube.ide.mcu.externaltools.gnu-tools-for-stm32.12.3.rel1.win32_1.0.200.202406191623/tools/bin/../lib/gcc/arm-none-eabi/12.3.1/thumb/v7e-m+fp/hard\libgcc.a(_aeabi_uldivmod.o)
 .ARM.attributes
                0x000003a5       0x34 D:/STM32CubeIDE_1.16.0/STM32CubeIDE/plugins/com.st.stm32cube.ide.mcu.externaltools.gnu-tools-for-stm32.12.3.rel1.win32_1.0.200.202406191623/tools/bin/../lib/gcc/arm-none-eabi/12.3.1/thumb/v7e-m+fp/hard\libgcc.a(_udivmoddi4.o)
 .ARM.attributes
                0x000003d9       0x22 D:/STM32CubeIDE_1.16.0/STM32CubeIDE/plugins/com.st.stm32cube.ide.mcu.externaltools.gnu-tools-for-stm32.12.3.rel1.win32_1.0.200.202406191623/tools/bin/../lib/gcc/arm-none-eabi/12.3.1/thumb/v7e-m+fp/hard\libgcc.a(_dvmd_tls.o)
 .ARM.attributes
                0x000003fb       0x22 D:/STM32CubeIDE_1.16.0/STM32CubeIDE/plugins/com.st.stm32cube.ide.mcu.externaltools.gnu-tools-for-stm32.12.3.rel1.win32_1.0.200.202406191623/tools/bin/../lib/gcc/arm-none-eabi/12.3.1/thumb/v7e-m+fp/hard/crtn.o
OUTPUT(Pump_Up_The_Jam.elf elf32-littlearm)
LOAD linker stubs
LOAD D:/STM32CubeIDE_1.16.0/STM32CubeIDE/plugins/com.st.stm32cube.ide.mcu.externaltools.gnu-tools-for-stm32.12.3.rel1.win32_1.0.200.202406191623/tools/bin/../lib/gcc/arm-none-eabi/12.3.1/../../../../arm-none-eabi/lib/thumb/v7e-m+fp/hard\libc.a
LOAD D:/STM32CubeIDE_1.16.0/STM32CubeIDE/plugins/com.st.stm32cube.ide.mcu.externaltools.gnu-tools-for-stm32.12.3.rel1.win32_1.0.200.202406191623/tools/bin/../lib/gcc/arm-none-eabi/12.3.1/../../../../arm-none-eabi/lib/thumb/v7e-m+fp/hard\libm.a
LOAD D:/STM32CubeIDE_1.16.0/STM32CubeIDE/plugins/com.st.stm32cube.ide.mcu.externaltools.gnu-tools-for-stm32.12.3.rel1.win32_1.0.200.202406191623/tools/bin/../lib/gcc/arm-none-eabi/12.3.1/thumb/v7e-m+fp/hard\libgcc.a

.debug_info     0x00000000     0x7f0b
 .debug_info    0x00000000      0xdd6 ./Core/Src/LCD_Driver.o
 .debug_info    0x00000dd6      0xc85 ./Core/Src/ili9341.o
 .debug_info    0x00001a5b      0x8cb ./Core/Src/main.o
 .debug_info    0x00002326      0x2a2 ./Core/Src/stm32f4xx_hal_msp.o
 .debug_info    0x000025c8      0x120 ./Core/Src/stm32f4xx_it.o
 .debug_info    0x000026e8      0x52e ./Core/Src/system_stm32f4xx.o
 .debug_info    0x00002c16       0x30 ./Core/Startup/startup_stm32f429zitx.o
 .debug_info    0x00002c46      0x9ba ./Drivers/STM32F4xx_HAL_Driver/Src/stm32f4xx_hal.o
 .debug_info    0x00003600      0xdc2 ./Drivers/STM32F4xx_HAL_Driver/Src/stm32f4xx_hal_cortex.o
 .debug_info    0x000043c2      0x6db ./Drivers/STM32F4xx_HAL_Driver/Src/stm32f4xx_hal_gpio.o
 .debug_info    0x00004a9d      0x8db ./Drivers/STM32F4xx_HAL_Driver/Src/stm32f4xx_hal_rcc.o
 .debug_info    0x00005378      0x64c ./Drivers/STM32F4xx_HAL_Driver/Src/stm32f4xx_hal_rcc_ex.o
 .debug_info    0x000059c4     0x1525 ./Drivers/STM32F4xx_HAL_Driver/Src/stm32f4xx_hal_spi.o
 .debug_info    0x00006ee9     0x1022 ./Drivers/STM32F4xx_HAL_Driver/Src/stm32fxx_hal_ltdc.o

.debug_abbrev   0x00000000     0x1b05
 .debug_abbrev  0x00000000      0x2c7 ./Core/Src/LCD_Driver.o
 .debug_abbrev  0x000002c7      0x2c9 ./Core/Src/ili9341.o
 .debug_abbrev  0x00000590      0x2b7 ./Core/Src/main.o
 .debug_abbrev  0x00000847       0xf4 ./Core/Src/stm32f4xx_hal_msp.o
 .debug_abbrev  0x0000093b       0x73 ./Core/Src/stm32f4xx_it.o
 .debug_abbrev  0x000009ae      0x11a ./Core/Src/system_stm32f4xx.o
 .debug_abbrev  0x00000ac8       0x24 ./Core/Startup/startup_stm32f429zitx.o
 .debug_abbrev  0x00000aec      0x214 ./Drivers/STM32F4xx_HAL_Driver/Src/stm32f4xx_hal.o
 .debug_abbrev  0x00000d00      0x31d ./Drivers/STM32F4xx_HAL_Driver/Src/stm32f4xx_hal_cortex.o
 .debug_abbrev  0x0000101d      0x1d4 ./Drivers/STM32F4xx_HAL_Driver/Src/stm32f4xx_hal_gpio.o
 .debug_abbrev  0x000011f1      0x2b7 ./Drivers/STM32F4xx_HAL_Driver/Src/stm32f4xx_hal_rcc.o
 .debug_abbrev  0x000014a8      0x1b0 ./Drivers/STM32F4xx_HAL_Driver/Src/stm32f4xx_hal_rcc_ex.o
 .debug_abbrev  0x00001658      0x27a ./Drivers/STM32F4xx_HAL_Driver/Src/stm32f4xx_hal_spi.o
 .debug_abbrev  0x000018d2      0x233 ./Drivers/STM32F4xx_HAL_Driver/Src/stm32fxx_hal_ltdc.o

.debug_aranges  0x00000000      0x8f0
 .debug_aranges
                0x00000000       0x88 ./Core/Src/LCD_Driver.o
 .debug_aranges
                0x00000088       0x98 ./Core/Src/ili9341.o
 .debug_aranges
                0x00000120       0x70 ./Core/Src/main.o
 .debug_aranges
                0x00000190       0x20 ./Core/Src/stm32f4xx_hal_msp.o
 .debug_aranges
                0x000001b0       0x60 ./Core/Src/stm32f4xx_it.o
 .debug_aranges
                0x00000210       0x28 ./Core/Src/system_stm32f4xx.o
 .debug_aranges
                0x00000238       0x28 ./Core/Startup/startup_stm32f429zitx.o
 .debug_aranges
                0x00000260      0x100 ./Drivers/STM32F4xx_HAL_Driver/Src/stm32f4xx_hal.o
 .debug_aranges
                0x00000360      0x130 ./Drivers/STM32F4xx_HAL_Driver/Src/stm32f4xx_hal_cortex.o
 .debug_aranges
                0x00000490       0x58 ./Drivers/STM32F4xx_HAL_Driver/Src/stm32f4xx_hal_gpio.o
 .debug_aranges
                0x000004e8       0x88 ./Drivers/STM32F4xx_HAL_Driver/Src/stm32f4xx_hal_rcc.o
 .debug_aranges
                0x00000570       0x58 ./Drivers/STM32F4xx_HAL_Driver/Src/stm32f4xx_hal_rcc_ex.o
 .debug_aranges
                0x000005c8      0x1d0 ./Drivers/STM32F4xx_HAL_Driver/Src/stm32f4xx_hal_spi.o
 .debug_aranges
                0x00000798      0x158 ./Drivers/STM32F4xx_HAL_Driver/Src/stm32fxx_hal_ltdc.o

.debug_rnglists
                0x00000000      0x6b1
 .debug_rnglists
                0x00000000       0x67 ./Core/Src/LCD_Driver.o
 .debug_rnglists
                0x00000067       0x6f ./Core/Src/ili9341.o
 .debug_rnglists
                0x000000d6       0x56 ./Core/Src/main.o
 .debug_rnglists
                0x0000012c       0x13 ./Core/Src/stm32f4xx_hal_msp.o
 .debug_rnglists
                0x0000013f       0x43 ./Core/Src/stm32f4xx_it.o
 .debug_rnglists
                0x00000182       0x1a ./Core/Src/system_stm32f4xx.o
 .debug_rnglists
                0x0000019c       0x19 ./Core/Startup/startup_stm32f429zitx.o
 .debug_rnglists
                0x000001b5       0xbb ./Drivers/STM32F4xx_HAL_Driver/Src/stm32f4xx_hal.o
 .debug_rnglists
                0x00000270       0xe0 ./Drivers/STM32F4xx_HAL_Driver/Src/stm32f4xx_hal_cortex.o
 .debug_rnglists
                0x00000350       0x3f ./Drivers/STM32F4xx_HAL_Driver/Src/stm32f4xx_hal_gpio.o
 .debug_rnglists
                0x0000038f       0x66 ./Drivers/STM32F4xx_HAL_Driver/Src/stm32f4xx_hal_rcc.o
 .debug_rnglists
                0x000003f5       0x43 ./Drivers/STM32F4xx_HAL_Driver/Src/stm32f4xx_hal_rcc_ex.o
 .debug_rnglists
                0x00000438      0x16f ./Drivers/STM32F4xx_HAL_Driver/Src/stm32f4xx_hal_spi.o
 .debug_rnglists
                0x000005a7      0x10a ./Drivers/STM32F4xx_HAL_Driver/Src/stm32fxx_hal_ltdc.o

.debug_macro    0x00000000    0x2419c
 .debug_macro   0x00000000      0x20e ./Core/Src/LCD_Driver.o
 .debug_macro   0x0000020e      0xab4 ./Core/Src/LCD_Driver.o
 .debug_macro   0x00000cc2      0x29b ./Core/Src/LCD_Driver.o
 .debug_macro   0x00000f5d       0x2e ./Core/Src/LCD_Driver.o
 .debug_macro   0x00000f8b       0x28 ./Core/Src/LCD_Driver.o
 .debug_macro   0x00000fb3       0x22 ./Core/Src/LCD_Driver.o
 .debug_macro   0x00000fd5       0x8e ./Core/Src/LCD_Driver.o
 .debug_macro   0x00001063       0x51 ./Core/Src/LCD_Driver.o
 .debug_macro   0x000010b4      0x103 ./Core/Src/LCD_Driver.o
 .debug_macro   0x000011b7       0x6a ./Core/Src/LCD_Driver.o
 .debug_macro   0x00001221      0x1df ./Core/Src/LCD_Driver.o
 .debug_macro   0x00001400       0x1c ./Core/Src/LCD_Driver.o
 .debug_macro   0x0000141c       0x22 ./Core/Src/LCD_Driver.o
 .debug_macro   0x0000143e       0xfb ./Core/Src/LCD_Driver.o
 .debug_macro   0x00001539     0x1011 ./Core/Src/LCD_Driver.o
 .debug_macro   0x0000254a      0x11f ./Core/Src/LCD_Driver.o
 .debug_macro   0x00002669    0x17ff1 ./Core/Src/LCD_Driver.o
 .debug_macro   0x0001a65a       0x6d ./Core/Src/LCD_Driver.o
 .debug_macro   0x0001a6c7     0x370a ./Core/Src/LCD_Driver.o
 .debug_macro   0x0001ddd1      0x189 ./Core/Src/LCD_Driver.o
 .debug_macro   0x0001df5a       0x5c ./Core/Src/LCD_Driver.o
 .debug_macro   0x0001dfb6      0xcba ./Core/Src/LCD_Driver.o
 .debug_macro   0x0001ec70      0x9e9 ./Core/Src/LCD_Driver.o
 .debug_macro   0x0001f659      0x115 ./Core/Src/LCD_Driver.o
 .debug_macro   0x0001f76e      0x156 ./Core/Src/LCD_Driver.o
 .debug_macro   0x0001f8c4       0xa5 ./Core/Src/LCD_Driver.o
 .debug_macro   0x0001f969      0x182 ./Core/Src/LCD_Driver.o
 .debug_macro   0x0001faeb      0x287 ./Core/Src/LCD_Driver.o
 .debug_macro   0x0001fd72       0x5f ./Core/Src/LCD_Driver.o
 .debug_macro   0x0001fdd1      0x236 ./Core/Src/LCD_Driver.o
 .debug_macro   0x00020007      0x132 ./Core/Src/LCD_Driver.o
 .debug_macro   0x00020139      0x41d ./Core/Src/LCD_Driver.o
 .debug_macro   0x00020556       0x2e ./Core/Src/LCD_Driver.o
 .debug_macro   0x00020584      0x198 ./Core/Src/LCD_Driver.o
 .debug_macro   0x0002071c       0xd6 ./Core/Src/LCD_Driver.o
 .debug_macro   0x000207f2      0x127 ./Core/Src/LCD_Driver.o
 .debug_macro   0x00020919       0xe2 ./Core/Src/LCD_Driver.o
 .debug_macro   0x000209fb       0x89 ./Core/Src/LCD_Driver.o
 .debug_macro   0x00020a84      0x225 ./Core/Src/LCD_Driver.o
 .debug_macro   0x00020ca9      0x134 ./Core/Src/LCD_Driver.o
 .debug_macro   0x00020ddd      0x332 ./Core/Src/LCD_Driver.o
 .debug_macro   0x0002110f       0x22 ./Core/Src/LCD_Driver.o
 .debug_macro   0x00021131      0x179 ./Core/Src/LCD_Driver.o
 .debug_macro   0x000212aa       0x88 ./Core/Src/LCD_Driver.o
 .debug_macro   0x00021332      0x1e3 ./Core/Src/ili9341.o
 .debug_macro   0x00021515      0x32c ./Core/Src/ili9341.o
 .debug_macro   0x00021841      0x303 ./Core/Src/main.o
 .debug_macro   0x00021b44      0x17f ./Core/Src/main.o
 .debug_macro   0x00021cc3       0x61 ./Core/Src/main.o
 .debug_macro   0x00021d24       0x2a ./Core/Src/main.o
 .debug_macro   0x00021d4e       0x43 ./Core/Src/main.o
 .debug_macro   0x00021d91       0x34 ./Core/Src/main.o
 .debug_macro   0x00021dc5       0x16 ./Core/Src/main.o
 .debug_macro   0x00021ddb       0x35 ./Core/Src/main.o
 .debug_macro   0x00021e10      0x369 ./Core/Src/main.o
 .debug_macro   0x00022179       0x10 ./Core/Src/main.o
 .debug_macro   0x00022189       0x16 ./Core/Src/main.o
 .debug_macro   0x0002219f       0x43 ./Core/Src/main.o
 .debug_macro   0x000221e2       0x34 ./Core/Src/main.o
 .debug_macro   0x00022216       0x10 ./Core/Src/main.o
 .debug_macro   0x00022226       0x58 ./Core/Src/main.o
 .debug_macro   0x0002227e       0x8e ./Core/Src/main.o
 .debug_macro   0x0002230c       0x1c ./Core/Src/main.o
 .debug_macro   0x00022328      0x177 ./Core/Src/main.o
 .debug_macro   0x0002249f       0x16 ./Core/Src/main.o
 .debug_macro   0x000224b5       0x16 ./Core/Src/main.o
 .debug_macro   0x000224cb      0x146 ./Core/Src/main.o
 .debug_macro   0x00022611      0x662 ./Core/Src/main.o
 .debug_macro   0x00022c73      0x2ef ./Core/Src/stm32f4xx_hal_msp.o
 .debug_macro   0x00022f62      0x2f9 ./Core/Src/stm32f4xx_it.o
 .debug_macro   0x0002325b      0x1d4 ./Core/Src/system_stm32f4xx.o
 .debug_macro   0x0002342f      0x234 ./Drivers/STM32F4xx_HAL_Driver/Src/stm32f4xx_hal.o
 .debug_macro   0x00023663      0x1d4 ./Drivers/STM32F4xx_HAL_Driver/Src/stm32f4xx_hal_cortex.o
 .debug_macro   0x00023837      0x1da ./Drivers/STM32F4xx_HAL_Driver/Src/stm32f4xx_hal_gpio.o
 .debug_macro   0x00023a11      0x1f8 ./Drivers/STM32F4xx_HAL_Driver/Src/stm32f4xx_hal_rcc.o
 .debug_macro   0x00023c09      0x1d4 ./Drivers/STM32F4xx_HAL_Driver/Src/stm32f4xx_hal_rcc_ex.o
 .debug_macro   0x00023ddd      0x1e3 ./Drivers/STM32F4xx_HAL_Driver/Src/stm32f4xx_hal_spi.o
 .debug_macro   0x00023fc0      0x1dc ./Drivers/STM32F4xx_HAL_Driver/Src/stm32fxx_hal_ltdc.o

.debug_line     0x00000000     0xaf4f
 .debug_line    0x00000000      0xad4 ./Core/Src/LCD_Driver.o
 .debug_line    0x00000ad4      0x985 ./Core/Src/ili9341.o
 .debug_line    0x00001459      0xdeb ./Core/Src/main.o
 .debug_line    0x00002244      0x8d8 ./Core/Src/stm32f4xx_hal_msp.o
 .debug_line    0x00002b1c      0x999 ./Core/Src/stm32f4xx_it.o
 .debug_line    0x000034b5      0x7b9 ./Core/Src/system_stm32f4xx.o
 .debug_line    0x00003c6e       0x7a ./Core/Startup/startup_stm32f429zitx.o
 .debug_line    0x00003ce8      0xa67 ./Drivers/STM32F4xx_HAL_Driver/Src/stm32f4xx_hal.o
 .debug_line    0x0000474f      0xd23 ./Drivers/STM32F4xx_HAL_Driver/Src/stm32f4xx_hal_cortex.o
 .debug_line    0x00005472      0xbe5 ./Drivers/STM32F4xx_HAL_Driver/Src/stm32f4xx_hal_gpio.o
 .debug_line    0x00006057      0xdbc ./Drivers/STM32F4xx_HAL_Driver/Src/stm32f4xx_hal_rcc.o
 .debug_line    0x00006e13      0xc06 ./Drivers/STM32F4xx_HAL_Driver/Src/stm32f4xx_hal_rcc_ex.o
 .debug_line    0x00007a19     0x1d4f ./Drivers/STM32F4xx_HAL_Driver/Src/stm32f4xx_hal_spi.o
 .debug_line    0x00009768     0x17e7 ./Drivers/STM32F4xx_HAL_Driver/Src/stm32fxx_hal_ltdc.o

.debug_str      0x00000000    0xd5345
 .debug_str     0x00000000    0xce18a ./Core/Src/LCD_Driver.o
                              0xce4c9 (size before relaxing)
 .debug_str     0x000ce18a      0x549 ./Core/Src/ili9341.o
                              0xcdc7b (size before relaxing)
 .debug_str     0x000ce6d3     0x4c65 ./Core/Src/main.o
                              0xd2c0a (size before relaxing)
 .debug_str     0x000d3338       0x49 ./Core/Src/stm32f4xx_hal_msp.o
                              0xd28ed (size before relaxing)
 .debug_str     0x000d3381       0xc9 ./Core/Src/stm32f4xx_it.o
                              0xd2843 (size before relaxing)
 .debug_str     0x000d344a       0xdb ./Core/Src/system_stm32f4xx.o
                              0xcca6d (size before relaxing)
 .debug_str     0x000d3525       0x44 ./Core/Startup/startup_stm32f429zitx.o
                                 0x62 (size before relaxing)
 .debug_str     0x000d3569      0xb7f ./Drivers/STM32F4xx_HAL_Driver/Src/stm32f4xx_hal.o
                              0xcd690 (size before relaxing)
 .debug_str     0x000d40e8      0x392 ./Drivers/STM32F4xx_HAL_Driver/Src/stm32f4xx_hal_cortex.o
                              0xcd3be (size before relaxing)
 .debug_str     0x000d447a      0x120 ./Drivers/STM32F4xx_HAL_Driver/Src/stm32f4xx_hal_gpio.o
                              0xccbe8 (size before relaxing)
 .debug_str     0x000d459a      0x233 ./Drivers/STM32F4xx_HAL_Driver/Src/stm32f4xx_hal_rcc.o
                              0xccea1 (size before relaxing)
 .debug_str     0x000d47cd      0x133 ./Drivers/STM32F4xx_HAL_Driver/Src/stm32f4xx_hal_rcc_ex.o
                              0xccc68 (size before relaxing)
 .debug_str     0x000d4900      0x57d ./Drivers/STM32F4xx_HAL_Driver/Src/stm32f4xx_hal_spi.o
                              0xcd318 (size before relaxing)
 .debug_str     0x000d4e7d      0x4c8 ./Drivers/STM32F4xx_HAL_Driver/Src/stm32fxx_hal_ltdc.o
                              0xcd0d0 (size before relaxing)

.comment        0x00000000       0x43
 .comment       0x00000000       0x43 ./Core/Src/LCD_Driver.o
                                 0x44 (size before relaxing)
 .comment       0x00000043       0x44 ./Core/Src/ili9341.o
 .comment       0x00000043       0x44 ./Core/Src/main.o
 .comment       0x00000043       0x44 ./Core/Src/stm32f4xx_hal_msp.o
 .comment       0x00000043       0x44 ./Core/Src/stm32f4xx_it.o
 .comment       0x00000043       0x44 ./Core/Src/system_stm32f4xx.o
 .comment       0x00000043       0x44 ./Drivers/STM32F4xx_HAL_Driver/Src/stm32f4xx_hal.o
 .comment       0x00000043       0x44 ./Drivers/STM32F4xx_HAL_Driver/Src/stm32f4xx_hal_cortex.o
 .comment       0x00000043       0x44 ./Drivers/STM32F4xx_HAL_Driver/Src/stm32f4xx_hal_gpio.o
 .comment       0x00000043       0x44 ./Drivers/STM32F4xx_HAL_Driver/Src/stm32f4xx_hal_rcc.o
 .comment       0x00000043       0x44 ./Drivers/STM32F4xx_HAL_Driver/Src/stm32f4xx_hal_rcc_ex.o
 .comment       0x00000043       0x44 ./Drivers/STM32F4xx_HAL_Driver/Src/stm32f4xx_hal_spi.o
 .comment       0x00000043       0x44 ./Drivers/STM32F4xx_HAL_Driver/Src/stm32fxx_hal_ltdc.o

.debug_frame    0x00000000     0x2354
 .debug_frame   0x00000000      0x204 ./Core/Src/LCD_Driver.o
 .debug_frame   0x00000204      0x228 ./Core/Src/ili9341.o
 .debug_frame   0x0000042c      0x170 ./Core/Src/main.o
 .debug_frame   0x0000059c       0x34 ./Core/Src/stm32f4xx_hal_msp.o
 .debug_frame   0x000005d0      0x104 ./Core/Src/stm32f4xx_it.o
 .debug_frame   0x000006d4       0x58 ./Core/Src/system_stm32f4xx.o
 .debug_frame   0x0000072c      0x3b4 ./Drivers/STM32F4xx_HAL_Driver/Src/stm32f4xx_hal.o
 .debug_frame   0x00000ae0      0x508 ./Drivers/STM32F4xx_HAL_Driver/Src/stm32f4xx_hal_cortex.o
 .debug_frame   0x00000fe8      0x14c ./Drivers/STM32F4xx_HAL_Driver/Src/stm32f4xx_hal_gpio.o
 .debug_frame   0x00001134      0x1f4 ./Drivers/STM32F4xx_HAL_Driver/Src/stm32f4xx_hal_rcc.o
 .debug_frame   0x00001328      0x13c ./Drivers/STM32F4xx_HAL_Driver/Src/stm32f4xx_hal_rcc_ex.o
 .debug_frame   0x00001464      0x828 ./Drivers/STM32F4xx_HAL_Driver/Src/stm32f4xx_hal_spi.o
 .debug_frame   0x00001c8c      0x61c ./Drivers/STM32F4xx_HAL_Driver/Src/stm32fxx_hal_ltdc.o
 .debug_frame   0x000022a8       0x20 D:/STM32CubeIDE_1.16.0/STM32CubeIDE/plugins/com.st.stm32cube.ide.mcu.externaltools.gnu-tools-for-stm32.12.3.rel1.win32_1.0.200.202406191623/tools/bin/../lib/gcc/arm-none-eabi/12.3.1/../../../../arm-none-eabi/lib/thumb/v7e-m+fp/hard\libc_nano.a(libc_a-memset.o)
 .debug_frame   0x000022c8       0x2c D:/STM32CubeIDE_1.16.0/STM32CubeIDE/plugins/com.st.stm32cube.ide.mcu.externaltools.gnu-tools-for-stm32.12.3.rel1.win32_1.0.200.202406191623/tools/bin/../lib/gcc/arm-none-eabi/12.3.1/../../../../arm-none-eabi/lib/thumb/v7e-m+fp/hard\libc_nano.a(libc_a-init.o)
 .debug_frame   0x000022f4       0x2c D:/STM32CubeIDE_1.16.0/STM32CubeIDE/plugins/com.st.stm32cube.ide.mcu.externaltools.gnu-tools-for-stm32.12.3.rel1.win32_1.0.200.202406191623/tools/bin/../lib/gcc/arm-none-eabi/12.3.1/thumb/v7e-m+fp/hard\libgcc.a(_aeabi_uldivmod.o)
 .debug_frame   0x00002320       0x34 D:/STM32CubeIDE_1.16.0/STM32CubeIDE/plugins/com.st.stm32cube.ide.mcu.externaltools.gnu-tools-for-stm32.12.3.rel1.win32_1.0.200.202406191623/tools/bin/../lib/gcc/arm-none-eabi/12.3.1/thumb/v7e-m+fp/hard\libgcc.a(_udivmoddi4.o)

.debug_line_str
                0x00000000       0x46
 .debug_line_str
                0x00000000       0x46 ./Core/Startup/startup_stm32f429zitx.o
