Archive member included to satisfy reference by file (symbol)

D:/STM32CubeIDE_1.16.0/STM32CubeIDE/plugins/com.st.stm32cube.ide.mcu.externaltools.gnu-tools-for-stm32.12.3.rel1.win32_1.0.200.202406191623/tools/bin/../lib/gcc/arm-none-eabi/12.3.1/../../../../arm-none-eabi/lib/thumb/v7e-m+fp/hard\libc_nano.a(libc_a-exit.o)
                              D:/STM32CubeIDE_1.16.0/STM32CubeIDE/plugins/com.st.stm32cube.ide.mcu.externaltools.gnu-tools-for-stm32.12.3.rel1.win32_1.0.200.202406191623/tools/bin/../lib/gcc/arm-none-eabi/12.3.1/../../../../arm-none-eabi/lib/thumb/v7e-m+fp/hard/crt0.o (exit)
D:/STM32CubeIDE_1.16.0/STM32CubeIDE/plugins/com.st.stm32cube.ide.mcu.externaltools.gnu-tools-for-stm32.12.3.rel1.win32_1.0.200.202406191623/tools/bin/../lib/gcc/arm-none-eabi/12.3.1/../../../../arm-none-eabi/lib/thumb/v7e-m+fp/hard\libc_nano.a(libc_a-findfp.o)
                              D:/STM32CubeIDE_1.16.0/STM32CubeIDE/plugins/com.st.stm32cube.ide.mcu.externaltools.gnu-tools-for-stm32.12.3.rel1.win32_1.0.200.202406191623/tools/bin/../lib/gcc/arm-none-eabi/12.3.1/../../../../arm-none-eabi/lib/thumb/v7e-m+fp/hard\libc_nano.a(libc_a-exit.o) (__stdio_exit_handler)
D:/STM32CubeIDE_1.16.0/STM32CubeIDE/plugins/com.st.stm32cube.ide.mcu.externaltools.gnu-tools-for-stm32.12.3.rel1.win32_1.0.200.202406191623/tools/bin/../lib/gcc/arm-none-eabi/12.3.1/../../../../arm-none-eabi/lib/thumb/v7e-m+fp/hard\libc_nano.a(libc_a-fwalk.o)
                              D:/STM32CubeIDE_1.16.0/STM32CubeIDE/plugins/com.st.stm32cube.ide.mcu.externaltools.gnu-tools-for-stm32.12.3.rel1.win32_1.0.200.202406191623/tools/bin/../lib/gcc/arm-none-eabi/12.3.1/../../../../arm-none-eabi/lib/thumb/v7e-m+fp/hard\libc_nano.a(libc_a-findfp.o) (_fwalk_sglue)
D:/STM32CubeIDE_1.16.0/STM32CubeIDE/plugins/com.st.stm32cube.ide.mcu.externaltools.gnu-tools-for-stm32.12.3.rel1.win32_1.0.200.202406191623/tools/bin/../lib/gcc/arm-none-eabi/12.3.1/../../../../arm-none-eabi/lib/thumb/v7e-m+fp/hard\libc_nano.a(libc_a-stdio.o)
                              D:/STM32CubeIDE_1.16.0/STM32CubeIDE/plugins/com.st.stm32cube.ide.mcu.externaltools.gnu-tools-for-stm32.12.3.rel1.win32_1.0.200.202406191623/tools/bin/../lib/gcc/arm-none-eabi/12.3.1/../../../../arm-none-eabi/lib/thumb/v7e-m+fp/hard\libc_nano.a(libc_a-findfp.o) (__sread)
D:/STM32CubeIDE_1.16.0/STM32CubeIDE/plugins/com.st.stm32cube.ide.mcu.externaltools.gnu-tools-for-stm32.12.3.rel1.win32_1.0.200.202406191623/tools/bin/../lib/gcc/arm-none-eabi/12.3.1/../../../../arm-none-eabi/lib/thumb/v7e-m+fp/hard\libc_nano.a(libc_a-memset.o)
                              D:/STM32CubeIDE_1.16.0/STM32CubeIDE/plugins/com.st.stm32cube.ide.mcu.externaltools.gnu-tools-for-stm32.12.3.rel1.win32_1.0.200.202406191623/tools/bin/../lib/gcc/arm-none-eabi/12.3.1/../../../../arm-none-eabi/lib/thumb/v7e-m+fp/hard/crt0.o (memset)
D:/STM32CubeIDE_1.16.0/STM32CubeIDE/plugins/com.st.stm32cube.ide.mcu.externaltools.gnu-tools-for-stm32.12.3.rel1.win32_1.0.200.202406191623/tools/bin/../lib/gcc/arm-none-eabi/12.3.1/../../../../arm-none-eabi/lib/thumb/v7e-m+fp/hard\libc_nano.a(libc_a-closer.o)
                              D:/STM32CubeIDE_1.16.0/STM32CubeIDE/plugins/com.st.stm32cube.ide.mcu.externaltools.gnu-tools-for-stm32.12.3.rel1.win32_1.0.200.202406191623/tools/bin/../lib/gcc/arm-none-eabi/12.3.1/../../../../arm-none-eabi/lib/thumb/v7e-m+fp/hard\libc_nano.a(libc_a-stdio.o) (_close_r)
D:/STM32CubeIDE_1.16.0/STM32CubeIDE/plugins/com.st.stm32cube.ide.mcu.externaltools.gnu-tools-for-stm32.12.3.rel1.win32_1.0.200.202406191623/tools/bin/../lib/gcc/arm-none-eabi/12.3.1/../../../../arm-none-eabi/lib/thumb/v7e-m+fp/hard\libc_nano.a(libc_a-reent.o)
                              D:/STM32CubeIDE_1.16.0/STM32CubeIDE/plugins/com.st.stm32cube.ide.mcu.externaltools.gnu-tools-for-stm32.12.3.rel1.win32_1.0.200.202406191623/tools/bin/../lib/gcc/arm-none-eabi/12.3.1/../../../../arm-none-eabi/lib/thumb/v7e-m+fp/hard\libc_nano.a(libc_a-closer.o) (errno)
D:/STM32CubeIDE_1.16.0/STM32CubeIDE/plugins/com.st.stm32cube.ide.mcu.externaltools.gnu-tools-for-stm32.12.3.rel1.win32_1.0.200.202406191623/tools/bin/../lib/gcc/arm-none-eabi/12.3.1/../../../../arm-none-eabi/lib/thumb/v7e-m+fp/hard\libc_nano.a(libc_a-impure.o)
                              D:/STM32CubeIDE_1.16.0/STM32CubeIDE/plugins/com.st.stm32cube.ide.mcu.externaltools.gnu-tools-for-stm32.12.3.rel1.win32_1.0.200.202406191623/tools/bin/../lib/gcc/arm-none-eabi/12.3.1/../../../../arm-none-eabi/lib/thumb/v7e-m+fp/hard\libc_nano.a(libc_a-reent.o) (_impure_ptr)
D:/STM32CubeIDE_1.16.0/STM32CubeIDE/plugins/com.st.stm32cube.ide.mcu.externaltools.gnu-tools-for-stm32.12.3.rel1.win32_1.0.200.202406191623/tools/bin/../lib/gcc/arm-none-eabi/12.3.1/../../../../arm-none-eabi/lib/thumb/v7e-m+fp/hard\libc_nano.a(libc_a-lseekr.o)
[...]
Memory Configuration

Name             Origin             Length             Attributes
CCMRAM           0x10000000         0x00010000         xrw
RAM              0x20000000         0x00030000         xrw
FLASH            0x08000000         0x00200000         xr
*default*        0x00000000         0xffffffff

Linker script and memory map

LOAD D:/STM32CubeIDE_1.16.0/STM32CubeIDE/plugins/com.st.stm32cube.ide.mcu.externaltools.gnu-tools-for-stm32.12.3.rel1.win32_1.0.200.202406191623/tools/bin/../lib/gcc/arm-none-eabi/12.3.1/thumb/v7e-m+fp/hard/crti.o
LOAD D:/STM32CubeIDE_1.16.0/STM32CubeIDE/plugins/com.st.stm32cube.ide.mcu.externaltools.gnu-tools-for-stm32.12.3.rel1.win32_1.0.200.202406191623/tools/bin/../lib/gcc/arm-none-eabi/12.3.1/thumb/v7e-m+fp/hard/crtbegin.o
LOAD D:/STM32CubeIDE_1.16.0/STM32CubeIDE/plugins/com.st.stm32cube.ide.mcu.externaltools.gnu-tools-for-stm32.12.3.rel1.win32_1.0.200.202406191623/tools/bin/../lib/gcc/arm-none-eabi/12.3.1/../../../../arm-none-eabi/lib/thumb/v7e-m+fp/hard/crt0.o
LOAD ./Core/Src/LCD_Driver.o
LOAD ./Core/Src/button.o
LOAD ./Core/Src/fonts.o
LOAD ./Core/Src/ili9341.o
LOAD ./Core/Src/includes.o
LOAD ./Core/Src/main.o
LOAD ./Core/Src/mosfet.o
LOAD ./Core/Src/stm32f4xx_hal_msp.o
LOAD ./Core/Src/stm32f4xx_it.o
LOAD ./Core/Src/stmpe811.o
LOAD ./Core/Src/syscalls.o
LOAD ./Core/Src/sysmem.o
LOAD ./Core/Src/system_stm32f4xx.o
LOAD ./Core/Startup/startup_stm32f429zitx.o
LOAD ./Drivers/STM32F4xx_HAL_Driver/Src/stm32f4xx_hal.o
LOAD ./Drivers/STM32F4xx_HAL_Driver/Src/stm32f4xx_hal_cortex.o
LOAD ./Drivers/STM32F4xx_HAL_Driver/Src/stm32f4xx_hal_dma.o
LOAD ./Drivers/STM32F4xx_HAL_Driver/Src/stm32f4xx_hal_dma_ex.o
LOAD ./Drivers/STM32F4xx_HAL_Driver/Src/stm32f4xx_hal_exti.o
LOAD ./Drivers/STM32F4xx_HAL_Driver/Src/stm32f4xx_hal_flash.o
LOAD ./Drivers/STM32F4xx_HAL_Driver/Src/stm32f4xx_hal_flash_ex.o
LOAD ./Drivers/STM32F4xx_HAL_Driver/Src/stm32f4xx_hal_flash_ramfunc.o
LOAD ./Drivers/STM32F4xx_HAL_Driver/Src/stm32f4xx_hal_gpio.o
LOAD ./Drivers/STM32F4xx_HAL_Driver/Src/stm32f4xx_hal_ltdc_ex.o
LOAD ./Drivers/STM32F4xx_HAL_Driver/Src/stm32f4xx_hal_pwr.o
LOAD ./Drivers/STM32F4xx_HAL_Driver/Src/stm32f4xx_hal_pwr_ex.o
LOAD ./Drivers/STM32F4xx_HAL_Driver/Src/stm32f4xx_hal_rcc.o
LOAD ./Drivers/STM32F4xx_HAL_Driver/Src/stm32f4xx_hal_rcc_ex.o
LOAD ./Drivers/STM32F4xx_HAL_Driver/Src/stm32f4xx_hal_spi.o
LOAD ./Drivers/STM32F4xx_HAL_Driver/Src/stm32fxx_hal_ltdc.o
START GROUP
LOAD D:/STM32CubeIDE_1.16.0/STM32CubeIDE/plugins/com.st.stm32cube.ide.mcu.externaltools.gnu-tools-for-stm32.12.3.rel1.win32_1.0.200.202406191623/tools/bin/../lib/gcc/arm-none-eabi/12.3.1/../../../../arm-none-eabi/lib/thumb/v7e-m+fp/hard\libc_nano.a
LOAD D:/STM32CubeIDE_1.16.0/STM32CubeIDE/plugins/com.st.stm32cube.ide.mcu.externaltools.gnu-tools-for-stm32.12.3.rel1.win32_1.0.200.202406191623/tools/bin/../lib/gcc/arm-none-eabi/12.3.1/../../../../arm-none-eabi/lib/thumb/v7e-m+fp/hard\libm.a
END GROUP
START GROUP
LOAD D:/STM32CubeIDE_1.16.0/STM32CubeIDE/plugins/com.st.stm32cube.ide.mcu.externaltools.gnu-tools-for-stm32.12.3.rel1.win32_1.0.200.202406191623/tools/bin/../lib/gcc/arm-none-eabi/12.3.1/thumb/v7e-m+fp/hard\libgcc.a
LOAD D:/STM32CubeIDE_1.16.0/STM32CubeIDE/plugins/com.st.stm32cube.ide.mcu.externaltools.gnu-tools-for-stm32.12.3.rel1.win32_1.0.200.202406191623/tools/bin/../lib/gcc/arm-none-eabi/12.3.1/../../../../arm-none-eabi/lib/thumb/v7e-m+fp/hard\libc_nano.a
END GROUP
START GROUP
LOAD D:/STM32CubeIDE_1.16.0/STM32CubeIDE/plugins/com.st.stm32cube.ide.mcu.externaltools.gnu-tools-for-stm32.12.3.rel1.win32_1.0.200.202406191623/tools/bin/../lib/gcc/arm-none-eabi/12.3.1/thumb/v7e-m+fp/hard\libgcc.a
LOAD D:/STM32CubeIDE_1.16.0/STM32CubeIDE/plugins/com.st.stm32cube.ide.mcu.externaltools.gnu-tools-for-stm32.12.3.rel1.win32_1.0.200.202406191623/tools/bin/../lib/gcc/arm-none-eabi/12.3.1/../../../../arm-none-eabi/lib/thumb/v7e-m+fp/hard\libc_nano.a
LOAD D:/STM32CubeIDE_1.16.0/STM32CubeIDE/plugins/com.st.stm32cube.ide.mcu.externaltools.gnu-tools-for-stm32.12.3.rel1.win32_1.0.200.202406191623/tools/bin/../lib/gcc/arm-none-eabi/12.3.1/../../../../arm-none-eabi/lib/thumb/v7e-m+fp/hard\libnosys.a
END GROUP
START GROUP
LOAD D:/STM32CubeIDE_1.16.0/STM32CubeIDE/plugins/com.st.stm32cube.ide.mcu.externaltools.gnu-tools-for-stm32.12.3.rel1.win32_1.0.200.202406191623/tools/bin/../lib/gcc/arm-none-eabi/12.3.1/thumb/v7e-m+fp/hard\libgcc.a
LOAD D:/STM32CubeIDE_1.16.0/STM32CubeIDE/plugins/com.st.stm32cube.ide.mcu.externaltools.gnu-tools-for-stm32.12.3.rel1.win32_1.0.200.202406191623/tools/bin/../lib/gcc/arm-none-eabi/12.3.1/../../../../arm-none-eabi/lib/thumb/v7e-m+fp/hard\libc_nano.a
LOAD D:/STM32CubeIDE_1.16.0/STM32CubeIDE/plugins/com.st.stm32cube.ide.mcu.externaltools.gnu-tools-for-stm32.12.3.rel1.win32_1.0.200.202406191623/tools/bin/../lib/gcc/arm-none-eabi/12.3.1/../../../../arm-none-eabi/lib/thumb/v7e-m+fp/hard\libnosys.a
END GROUP
LOAD D:/STM32CubeIDE_1.16.0/STM32CubeIDE/plugins/com.st.stm32cube.ide.mcu.externaltools.gnu-tools-for-stm32.12.3.rel1.win32_1.0.200.202406191623/tools/bin/../lib/gcc/arm-none-eabi/12.3.1/thumb/v7e-m+fp/hard/crtend.o
LOAD D:/STM32CubeIDE_1.16.0/STM32CubeIDE/plugins/com.st.stm32cube.ide.mcu.externaltools.gnu-tools-for-stm32.12.3.rel1.win32_1.0.200.202406191623/tools/bin/../lib/gcc/arm-none-eabi/12.3.1/thumb/v7e-m+fp/hard/crtn.o
                0x20030000                        _estack = (ORIGIN (RAM) + LENGTH (RAM))
                0x00000200                        _Min_Heap_Size = 0x200
                0x00000400                        _Min_Stack_Size = 0x400

.isr_vector     0x08000000      0x1ac
                0x08000000                        . = ALIGN (0x4)
 *(.isr_vector)
 .isr_vector    0x08000000      0x1ac ./Core/Startup/startup_stm32f429zitx.o
                0x08000000                g_pfnVectors
                0x080001ac                        . = ALIGN (0x4)

.text           0x080001ac     0x36c4
                0x080001ac                        . = ALIGN (0x4)
 *(.text)
 .text          0x080001ac       0x40 D:/STM32CubeIDE_1.16.0/STM32CubeIDE/plugins/com.st.stm32cube.ide.mcu.externaltools.gnu-tools-for-stm32.12.3.rel1.win32_1.0.200.202406191623/tools/bin/../lib/gcc/arm-none-eabi/12.3.1/thumb/v7e-m+fp/hard/crtbegin.o
 .text          0x080001ec       0x30 D:/STM32CubeIDE_1.16.0/STM32CubeIDE/plugins/com.st.stm32cube.ide.mcu.externaltools.gnu-tools-for-stm32.12.3.rel1.win32_1.0.200.202406191623/tools/bin/../lib/gcc/arm-none-eabi/12.3.1/thumb/v7e-m+fp/hard\libgcc.a(_aeabi_uldivmod.o)
                0x080001ec                __aeabi_uldivmod
 .text          0x0800021c      0x2bc D:/STM32CubeIDE_1.16.0/STM32CubeIDE/plugins/com.st.stm32cube.ide.mcu.externaltools.gnu-tools-for-stm32.12.3.rel1.win32_1.0.200.202406191623/tools/bin/../lib/gcc/arm-none-eabi/12.3.1/thumb/v7e-m+fp/hard\libgcc.a(_udivmoddi4.o)
                0x0800021c                __udivmoddi4
 .text          0x080004d8        0x4 D:/STM32CubeIDE_1.16.0/STM32CubeIDE/plugins/com.st.stm32cube.ide.mcu.externaltools.gnu-tools-for-stm32.12.3.rel1.win32_1.0.200.202406191623/tools/bin/../lib/gcc/arm-none-eabi/12.3.1/thumb/v7e-m+fp/hard\libgcc.a(_dvmd_tls.o)
                0x080004d8                __aeabi_idiv0
                0x080004d8                __aeabi_ldiv0
 *(.text*)
 .text.LCD_GPIO_Init
                0x080004dc      0x190 ./Core/Src/LCD_Driver.o
                0x080004dc                LCD_GPIO_Init
 .text.LTCD_Layer_Init
                0x0800066c       0x80 ./Core/Src/LCD_Driver.o
                0x0800066c                LTCD_Layer_Init
 .text.LTCD__Init
                0x080006ec       0xbc ./Core/Src/LCD_Driver.o
                0x080006ec                LTCD__Init
 .text.LCD_Draw_Pixel
                0x080007a8       0x3c ./Core/Src/LCD_Driver.o
                0x080007a8                LCD_Draw_Pixel
 .text.LCD_Clear
                0x080007e4       0x44 ./Core/Src/LCD_Driver.o
                0x080007e4                LCD_Clear
 .text.LCD_SetTextColor
                0x08000828       0x20 ./Core/Src/LCD_Driver.o
                0x08000828                LCD_SetTextColor
 .text.LCD_SetFont
                0x08000848       0x20 ./Core/Src/LCD_Driver.o
                0x08000848                LCD_SetFont
 .text.LCD_Draw_Char
                0x08000868       0xdc ./Core/Src/LCD_Driver.o
                0x08000868                LCD_Draw_Char
 .text.LCD_DisplayChar
                0x08000944       0x44 ./Core/Src/LCD_Driver.o
                0x08000944                LCD_DisplayChar
 .text.LCD_Error_Handler
                0x08000988        0xc ./Core/Src/LCD_Driver.o
                0x08000988                LCD_Error_Handler
 .text.ili9341_Init
                0x08000994      0x294 ./Core/Src/ili9341.o
                0x08000994                ili9341_Init
 .text.ili9341_Write_Reg
                0x08000c28       0x1a ./Core/Src/ili9341.o
                0x08000c28                ili9341_Write_Reg
 .text.ili9341_Send_Data
                0x08000c42       0x1a ./Core/Src/ili9341.o
                0x08000c42                ili9341_Send_Data
 .text.SPI_Init
                0x08000c5c       0x74 ./Core/Src/ili9341.o
 .text.SPI_Write
                0x08000cd0       0x3c ./Core/Src/ili9341.o
 .text.SPI_Error
                0x08000d0c       0x18 ./Core/Src/ili9341.o
 .text.SPI_MspInit
                0x08000d24       0x74 ./Core/Src/ili9341.o
 .text.LCD_IO_Init
                0x08000d98       0xf0 ./Core/Src/ili9341.o
                0x08000d98                LCD_IO_Init
 .text.LCD_IO_WriteData
                0x08000e88       0x44 ./Core/Src/ili9341.o
                0x08000e88                LCD_IO_WriteData
 .text.LCD_IO_WriteReg
                0x08000ecc       0x44 ./Core/Src/ili9341.o
                0x08000ecc                LCD_IO_WriteReg
 .text.LCD_Delay
                0x08000f10       0x16 ./Core/Src/ili9341.o
                0x08000f10                LCD_Delay
 .text.main     0x08000f26       0x3c ./Core/Src/main.o
                0x08000f26                main
 *fill*         0x08000f62        0x2 
 .text.SystemClock_Config
                0x08000f64       0xd8 ./Core/Src/main.o
                0x08000f64                SystemClock_Config
 .text.MX_GPIO_Init
                0x0800103c      0x2a8 ./Core/Src/main.o
 .text.LCD_Update
                0x080012e4      0x148 ./Core/Src/main.o
                0x080012e4                LCD_Update
 .text.Update   0x0800142c      0x220 ./Core/Src/main.o
                0x0800142c                Update
 .text.Reset_Pins
                0x0800164c       0xb0 ./Core/Src/main.o
                0x0800164c                Reset_Pins
 .text.Polling  0x080016fc      0x164 ./Core/Src/main.o
                0x080016fc                Polling
 .text.getButtonState
                0x08001860       0x28 ./Core/Src/main.o
                0x08001860                getButtonState
 .text.Error_Handler
                0x08001888        0xc ./Core/Src/main.o
                0x08001888                Error_Handler
 .text.HAL_MspInit
                0x08001894       0x50 ./Core/Src/stm32f4xx_hal_msp.o
                0x08001894                HAL_MspInit
 .text.NMI_Handler
                0x080018e4        0x8 ./Core/Src/stm32f4xx_it.o
                0x080018e4                NMI_Handler
 .text.HardFault_Handler
                0x080018ec        0x8 ./Core/Src/stm32f4xx_it.o
                0x080018ec                HardFault_Handler
 .text.MemManage_Handler
                0x080018f4        0x8 ./Core/Src/stm32f4xx_it.o
                0x080018f4                MemManage_Handler
 .text.BusFault_Handler
                0x080018fc        0x8 ./Core/Src/stm32f4xx_it.o
                0x080018fc                BusFault_Handler
 .text.UsageFault_Handler
                0x08001904        0x8 ./Core/Src/stm32f4xx_it.o
                0x08001904                UsageFault_Handler
 .text.SVC_Handler
                0x0800190c        0xe ./Core/Src/stm32f4xx_it.o
                0x0800190c                SVC_Handler
 .text.DebugMon_Handler
                0x0800191a        0xe ./Core/Src/stm32f4xx_it.o
                0x0800191a                DebugMon_Handler
 .text.PendSV_Handler
                0x08001928        0xe ./Core/Src/stm32f4xx_it.o
                0x08001928                PendSV_Handler
 .text.SysTick_Handler
                0x08001936        0xc ./Core/Src/stm32f4xx_it.o
                0x08001936                SysTick_Handler
 *fill*         0x08001942        0x2 
 .text.SystemInit
                0x08001944       0x24 ./Core/Src/system_stm32f4xx.o
                0x08001944                SystemInit
 .text.Reset_Handler
                0x08001968       0x50 ./Core/Startup/startup_stm32f429zitx.o
                0x08001968                Reset_Handler
 .text.Default_Handler
                0x080019b8        0x2 ./Core/Startup/startup_stm32f429zitx.o
                0x080019b8                RTC_Alarm_IRQHandler
                0x080019b8                HASH_RNG_IRQHandler
                0x080019b8                EXTI2_IRQHandler
                0x080019b8                TIM8_CC_IRQHandler
                0x080019b8                UART8_IRQHandler
                0x080019b8                SPI4_IRQHandler
                0x080019b8                TIM1_CC_IRQHandler
                0x080019b8                DMA2_Stream5_IRQHandler
                0x080019b8                DMA1_Stream5_IRQHandler
                0x080019b8                PVD_IRQHandler
                0x080019b8                SDIO_IRQHandler
                0x080019b8                TAMP_STAMP_IRQHandler
                0x080019b8                CAN2_RX1_IRQHandler
                0x080019b8                EXTI3_IRQHandler
                0x080019b8                TIM8_TRG_COM_TIM14_IRQHandler
                0x080019b8                TIM1_UP_TIM10_IRQHandler
                0x080019b8                TIM8_UP_TIM13_IRQHandler
                0x080019b8                I2C3_ER_IRQHandler
                0x080019b8                EXTI0_IRQHandler
                0x080019b8                I2C2_EV_IRQHandler
                0x080019b8                DMA1_Stream2_IRQHandler
                0x080019b8                CAN1_RX0_IRQHandler
                0x080019b8                FPU_IRQHandler
                0x080019b8                OTG_HS_WKUP_IRQHandler
                0x080019b8                LTDC_ER_IRQHandler
                0x080019b8                CAN2_SCE_IRQHandler
                0x080019b8                DMA2_Stream2_IRQHandler
                0x080019b8                SPI1_IRQHandler
                0x080019b8                TIM6_DAC_IRQHandler
                0x080019b8                TIM1_BRK_TIM9_IRQHandler
                0x080019b8                DCMI_IRQHandler
                0x080019b8                CAN2_RX0_IRQHandler
                0x080019b8                DMA2_Stream3_IRQHandler
                0x080019b8                USART6_IRQHandler
                0x080019b8                USART3_IRQHandler
                0x080019b8                CAN1_RX1_IRQHandler
                0x080019b8                UART5_IRQHandler
                0x080019b8                DMA2_Stream0_IRQHandler
                0x080019b8                TIM4_IRQHandler
                0x080019b8                I2C1_EV_IRQHandler
                0x080019b8                DMA1_Stream6_IRQHandler
                0x080019b8                DMA1_Stream1_IRQHandler
                0x080019b8                UART4_IRQHandler
                0x080019b8                TIM3_IRQHandler
                0x080019b8                RCC_IRQHandler
                0x080019b8                TIM8_BRK_TIM12_IRQHandler
                0x080019b8                Default_Handler
                0x080019b8                EXTI15_10_IRQHandler
                0x080019b8                ADC_IRQHandler
                0x080019b8                DMA1_Stream7_IRQHandler
                0x080019b8                SPI5_IRQHandler
                0x080019b8                TIM7_IRQHandler
                0x080019b8                CAN2_TX_IRQHandler
                0x080019b8                TIM5_IRQHandler
                0x080019b8                DMA2_Stream7_IRQHandler
                0x080019b8                I2C3_EV_IRQHandler
                0x080019b8                EXTI9_5_IRQHandler
                0x080019b8                RTC_WKUP_IRQHandler
                0x080019b8                LTDC_IRQHandler
                0x080019b8                ETH_WKUP_IRQHandler
                0x080019b8                SPI2_IRQHandler
                0x080019b8                OTG_HS_EP1_IN_IRQHandler
                0x080019b8                DMA1_Stream0_IRQHandler
                0x080019b8                CAN1_TX_IRQHandler
                0x080019b8                EXTI4_IRQHandler
                0x080019b8                ETH_IRQHandler
                0x080019b8                OTG_HS_EP1_OUT_IRQHandler
                0x080019b8                WWDG_IRQHandler
                0x080019b8                SPI6_IRQHandler
                0x080019b8                TIM2_IRQHandler
                0x080019b8                OTG_FS_WKUP_IRQHandler
                0x080019b8                TIM1_TRG_COM_TIM11_IRQHandler
                0x080019b8                OTG_HS_IRQHandler
                0x080019b8                DMA2D_IRQHandler
                0x080019b8                EXTI1_IRQHandler
                0x080019b8                UART7_IRQHandler
                0x080019b8                USART2_IRQHandler
                0x080019b8                I2C2_ER_IRQHandler
                0x080019b8                DMA2_Stream1_IRQHandler
                0x080019b8                CAN1_SCE_IRQHandler
                0x080019b8                FLASH_IRQHandler
                0x080019b8                DMA2_Stream4_IRQHandler
                0x080019b8                USART1_IRQHandler
                0x080019b8                OTG_FS_IRQHandler
                0x080019b8                SPI3_IRQHandler
                0x080019b8                DMA1_Stream4_IRQHandler
                0x080019b8                I2C1_ER_IRQHandler
                0x080019b8                FMC_IRQHandler
                0x080019b8                DMA2_Stream6_IRQHandler
                0x080019b8                SAI1_IRQHandler
                0x080019b8                DMA1_Stream3_IRQHandler
 *fill*         0x080019ba        0x2 
 .text.HAL_Init
                0x080019bc       0x44 ./Drivers/STM32F4xx_HAL_Driver/Src/stm32f4xx_hal.o
                0x080019bc                HAL_Init
 .text.HAL_InitTick
                0x08001a00       0x60 ./Drivers/STM32F4xx_HAL_Driver/Src/stm32f4xx_hal.o
                0x08001a00                HAL_InitTick
 .text.HAL_IncTick
                0x08001a60       0x28 ./Drivers/STM32F4xx_HAL_Driver/Src/stm32f4xx_hal.o
                0x08001a60                HAL_IncTick
 .text.HAL_GetTick
                0x08001a88       0x18 ./Drivers/STM32F4xx_HAL_Driver/Src/stm32f4xx_hal.o
                0x08001a88                HAL_GetTick
 .text.HAL_Delay
                0x08001aa0       0x48 ./Drivers/STM32F4xx_HAL_Driver/Src/stm32f4xx_hal.o
                0x08001aa0                HAL_Delay
 .text.__NVIC_SetPriorityGrouping
                0x08001ae8       0x48 ./Drivers/STM32F4xx_HAL_Driver/Src/stm32f4xx_hal_cortex.o
 .text.__NVIC_GetPriorityGrouping
                0x08001b30       0x1c ./Drivers/STM32F4xx_HAL_Driver/Src/stm32f4xx_hal_cortex.o
 .text.__NVIC_SetPriority
                0x08001b4c       0x54 ./Drivers/STM32F4xx_HAL_Driver/Src/stm32f4xx_hal_cortex.o
 .text.NVIC_EncodePriority
                0x08001ba0       0x66 ./Drivers/STM32F4xx_HAL_Driver/Src/stm32f4xx_hal_cortex.o
 *fill*         0x08001c06        0x2 
 .text.SysTick_Config
                0x08001c08       0x44 ./Drivers/STM32F4xx_HAL_Driver/Src/stm32f4xx_hal_cortex.o
 .text.HAL_NVIC_SetPriorityGrouping
                0x08001c4c       0x16 ./Drivers/STM32F4xx_HAL_Driver/Src/stm32f4xx_hal_cortex.o
                0x08001c4c                HAL_NVIC_SetPriorityGrouping
 .text.HAL_NVIC_SetPriority
                0x08001c62       0x38 ./Drivers/STM32F4xx_HAL_Driver/Src/stm32f4xx_hal_cortex.o
                0x08001c62                HAL_NVIC_SetPriority
 .text.HAL_SYSTICK_Config
                0x08001c9a       0x18 ./Drivers/STM32F4xx_HAL_Driver/Src/stm32f4xx_hal_cortex.o
                0x08001c9a                HAL_SYSTICK_Config
 *fill*         0x08001cb2        0x2 
 .text.HAL_GPIO_Init
                0x08001cb4      0x358 ./Drivers/STM32F4xx_HAL_Driver/Src/stm32f4xx_hal_gpio.o
                0x08001cb4                HAL_GPIO_Init
 .text.HAL_GPIO_ReadPin
                0x0800200c       0x30 ./Drivers/STM32F4xx_HAL_Driver/Src/stm32f4xx_hal_gpio.o
                0x0800200c                HAL_GPIO_ReadPin
 .text.HAL_GPIO_WritePin
                0x0800203c       0x32 ./Drivers/STM32F4xx_HAL_Driver/Src/stm32f4xx_hal_gpio.o
                0x0800203c                HAL_GPIO_WritePin
 *fill*         0x0800206e        0x2 
 .text.HAL_RCC_OscConfig
                0x08002070      0x4f0 ./Drivers/STM32F4xx_HAL_Driver/Src/stm32f4xx_hal_rcc.o
                0x08002070                HAL_RCC_OscConfig
 .text.HAL_RCC_ClockConfig
                0x08002560      0x1cc ./Drivers/STM32F4xx_HAL_Driver/Src/stm32f4xx_hal_rcc.o
                0x08002560                HAL_RCC_ClockConfig
 .text.HAL_RCC_GetSysClockFreq
                0x0800272c      0x20c ./Drivers/STM32F4xx_HAL_Driver/Src/stm32f4xx_hal_rcc.o
                0x0800272c                HAL_RCC_GetSysClockFreq
 .text.HAL_RCCEx_PeriphCLKConfig
                0x08002938      0x380 ./Drivers/STM32F4xx_HAL_Driver/Src/stm32f4xx_hal_rcc_ex.o
                0x08002938                HAL_RCCEx_PeriphCLKConfig
 .text.HAL_SPI_Init
                0x08002cb8      0x112 ./Drivers/STM32F4xx_HAL_Driver/Src/stm32f4xx_hal_spi.o
                0x08002cb8                HAL_SPI_Init
 .text.HAL_SPI_DeInit
                0x08002dca       0x50 ./Drivers/STM32F4xx_HAL_Driver/Src/stm32f4xx_hal_spi.o
                0x08002dca                HAL_SPI_DeInit
 .text.HAL_SPI_MspInit
                0x08002e1a       0x14 ./Drivers/STM32F4xx_HAL_Driver/Src/stm32f4xx_hal_spi.o
                0x08002e1a                HAL_SPI_MspInit
 .text.HAL_SPI_MspDeInit
                0x08002e2e       0x14 ./Drivers/STM32F4xx_HAL_Driver/Src/stm32f4xx_hal_spi.o
                0x08002e2e                HAL_SPI_MspDeInit
 .text.HAL_SPI_Transmit
                0x08002e42      0x288 ./Drivers/STM32F4xx_HAL_Driver/Src/stm32f4xx_hal_spi.o
                0x08002e42                HAL_SPI_Transmit
 .text.HAL_SPI_GetState
                0x080030ca       0x1c ./Drivers/STM32F4xx_HAL_Driver/Src/stm32f4xx_hal_spi.o
                0x080030ca                HAL_SPI_GetState
 *fill*         0x080030e6        0x2 
 .text.SPI_WaitFlagStateUntilTimeout
                0x080030e8      0x110 ./Drivers/STM32F4xx_HAL_Driver/Src/stm32f4xx_hal_spi.o
 .text.SPI_EndRxTxTransaction
                0x080031f8       0xa8 ./Drivers/STM32F4xx_HAL_Driver/Src/stm32f4xx_hal_spi.o
 .text.HAL_LTDC_Init
                0x080032a0      0x1a0 ./Drivers/STM32F4xx_HAL_Driver/Src/stm32fxx_hal_ltdc.o
                0x080032a0                HAL_LTDC_Init
 .text.HAL_LTDC_MspInit
                0x08003440       0x14 ./Drivers/STM32F4xx_HAL_Driver/Src/stm32fxx_hal_ltdc.o
                0x08003440                HAL_LTDC_MspInit
 .text.HAL_LTDC_ConfigLayer
                0x08003454       0x7c ./Drivers/STM32F4xx_HAL_Driver/Src/stm32fxx_hal_ltdc.o
                0x08003454                HAL_LTDC_ConfigLayer
 .text.LTDC_SetConfig
                0x080034d0      0x32e ./Drivers/STM32F4xx_HAL_Driver/Src/stm32fxx_hal_ltdc.o
 .text.memset   0x080037fe       0x10 D:/STM32CubeIDE_1.16.0/STM32CubeIDE/plugins/com.st.stm32cube.ide.mcu.externaltools.gnu-tools-for-stm32.12.3.rel1.win32_1.0.200.202406191623/tools/bin/../lib/gcc/arm-none-eabi/12.3.1/../../../../arm-none-eabi/lib/thumb/v7e-m+fp/hard\libc_nano.a(libc_a-memset.o)
                0x080037fe                memset
 *fill*         0x0800380e        0x2 
 .text.__libc_init_array
                0x08003810       0x48 D:/STM32CubeIDE_1.16.0/STM32CubeIDE/plugins/com.st.stm32cube.ide.mcu.externaltools.gnu-tools-for-stm32.12.3.rel1.win32_1.0.200.202406191623/tools/bin/../lib/gcc/arm-none-eabi/12.3.1/../../../../arm-none-eabi/lib/thumb/v7e-m+fp/hard\libc_nano.a(libc_a-init.o)
                0x08003810                __libc_init_array
 *(.glue_7)
 .glue_7        0x08003858        0x0 linker stubs
 *(.glue_7t)
 .glue_7t       0x08003858        0x0 linker stubs
 *(.eh_frame)
 .eh_frame      0x08003858        0x0 D:/STM32CubeIDE_1.16.0/STM32CubeIDE/plugins/com.st.stm32cube.ide.mcu.externaltools.gnu-tools-for-stm32.12.3.rel1.win32_1.0.200.202406191623/tools/bin/../lib/gcc/arm-none-eabi/12.3.1/thumb/v7e-m+fp/hard/crtbegin.o
 *(.init)
 .init          0x08003858        0x4 D:/STM32CubeIDE_1.16.0/STM32CubeIDE/plugins/com.st.stm32cube.ide.mcu.externaltools.gnu-tools-for-stm32.12.3.rel1.win32_1.0.200.202406191623/tools/bin/../lib/gcc/arm-none-eabi/12.3.1/thumb/v7e-m+fp/hard/crti.o
                0x08003858                _init
 .init          0x0800385c        0x8 D:/STM32CubeIDE_1.16.0/STM32CubeIDE/plugins/com.st.stm32cube.ide.mcu.externaltools.gnu-tools-for-stm32.12.3.rel1.win32_1.0.200.202406191623/tools/bin/../lib/gcc/arm-none-eabi/12.3.1/thumb/v7e-m+fp/hard/crtn.o
 *(.fini)
 .fini          0x08003864        0x4 D:/STM32CubeIDE_1.16.0/STM32CubeIDE/plugins/com.st.stm32cube.ide.mcu.externaltools.gnu-tools-for-stm32.12.3.rel1.win32_1.0.200.202406191623/tools/bin/../lib/gcc/arm-none-eabi/12.3.1/thumb/v7e-m+fp/hard/crti.o
                0x08003864                _fini
 .fini          0x08003868        0x8 D:/STM32CubeIDE_1.16.0/STM32CubeIDE/plugins/com.st.stm32cube.ide.mcu.externaltools.gnu-tools-for-stm32.12.3.rel1.win32_1.0.200.202406191623/tools/bin/../lib/gcc/arm-none-eabi/12.3.1/thumb/v7e-m+fp/hard/crtn.o
                0x08003870                        . = ALIGN (0x4)
                0x08003870                        _etext = .

.vfp11_veneer   0x08003870        0x0
 .vfp11_veneer  0x08003870        0x0 linker stubs

.v4_bx          0x08003870        0x0
 .v4_bx         0x08003870        0x0 linker stubs

.iplt           0x08003870        0x0
 .iplt          0x08003870        0x0 D:/STM32CubeIDE_1.16.0/STM32CubeIDE/plugins/com.st.stm32cube.ide.mcu.externaltools.gnu-tools-for-stm32.12.3.rel1.win32_1.0.200.202406191623/tools/bin/../lib/gcc/arm-none-eabi/12.3.1/thumb/v7e-m+fp/hard/crtbegin.o

.rodata         0x08003870     0x11e0
                0x08003870                        . = ALIGN (0x4)
 *(.rodata)
 *(.rodata*)
 .rodata.ASCII16x24_Table
                0x08003870     0x11d0 ./Core/Src/fonts.o
                0x08003870                ASCII16x24_Table
 .rodata.AHBPrescTable
                0x08004a40       0x10 ./Core/Src/system_stm32f4xx.o
                0x08004a40                AHBPrescTable
                0x08004a50                        . = ALIGN (0x4)

.ARM.extab      0x08004a50        0x0
                0x08004a50                        . = ALIGN (0x4)
 *(.ARM.extab* .gnu.linkonce.armextab.*)
                0x08004a50                        . = ALIGN (0x4)

.ARM            0x08004a50        0x8
                0x08004a50                        . = ALIGN (0x4)
                0x08004a50                        __exidx_start = .
 *(.ARM.exidx*)
 .ARM.exidx     0x08004a50        0x8 D:/STM32CubeIDE_1.16.0/STM32CubeIDE/plugins/com.st.stm32cube.ide.mcu.externaltools.gnu-tools-for-stm32.12.3.rel1.win32_1.0.200.202406191623/tools/bin/../lib/gcc/arm-none-eabi/12.3.1/thumb/v7e-m+fp/hard\libgcc.a(_udivmoddi4.o)
                0x08004a58                        __exidx_end = .
                0x08004a58                        . = ALIGN (0x4)

.preinit_array  0x08004a58        0x0
                0x08004a58                        . = ALIGN (0x4)
                0x08004a58                        PROVIDE (__preinit_array_start = .)
 *(.preinit_array*)
                0x08004a58                        PROVIDE (__preinit_array_end = .)
                0x08004a58                        . = ALIGN (0x4)

.init_array     0x08004a58        0x4
                0x08004a58                        . = ALIGN (0x4)
                0x08004a58                        PROVIDE (__init_array_start = .)
 *(SORT_BY_NAME(.init_array.*))
 *(.init_array*)
 .init_array    0x08004a58        0x4 D:/STM32CubeIDE_1.16.0/STM32CubeIDE/plugins/com.st.stm32cube.ide.mcu.externaltools.gnu-tools-for-stm32.12.3.rel1.win32_1.0.200.202406191623/tools/bin/../lib/gcc/arm-none-eabi/12.3.1/thumb/v7e-m+fp/hard/crtbegin.o
                0x08004a5c                        PROVIDE (__init_array_end = .)
                0x08004a5c                        . = ALIGN (0x4)

.fini_array     0x08004a5c        0x4
                0x08004a5c                        . = ALIGN (0x4)
                [!provide]                        PROVIDE (__fini_array_start = .)
 *(SORT_BY_NAME(.fini_array.*))
 *(.fini_array*)
 .fini_array    0x08004a5c        0x4 D:/STM32CubeIDE_1.16.0/STM32CubeIDE/plugins/com.st.stm32cube.ide.mcu.externaltools.gnu-tools-for-stm32.12.3.rel1.win32_1.0.200.202406191623/tools/bin/../lib/gcc/arm-none-eabi/12.3.1/thumb/v7e-m+fp/hard/crtbegin.o
                [!provide]                        PROVIDE (__fini_array_end = .)
                0x08004a60                        . = ALIGN (0x4)
                0x08004a60                        _sidata = LOADADDR (.data)

.rel.dyn        0x08004a60        0x0
 .rel.iplt      0x08004a60        0x0 D:/STM32CubeIDE_1.16.0/STM32CubeIDE/plugins/com.st.stm32cube.ide.mcu.externaltools.gnu-tools-for-stm32.12.3.rel1.win32_1.0.200.202406191623/tools/bin/../lib/gcc/arm-none-eabi/12.3.1/thumb/v7e-m+fp/hard/crtbegin.o

.data           0x20000000       0x1c load address 0x08004a60
                0x20000000                        . = ALIGN (0x4)
                0x20000000                        _sdata = .
 *(.data)
 *(.data*)
 .data.CurrentTextColor
                0x20000000        0x2 ./Core/Src/LCD_Driver.o
 *fill*         0x20000002        0x2 
 .data.Font16x24
                0x20000004        0x8 ./Core/Src/fonts.o
                0x20000004                Font16x24
 .data.SpiTimeout
                0x2000000c        0x4 ./Core/Src/ili9341.o
                0x2000000c                SpiTimeout
 .data.SystemCoreClock
                0x20000010        0x4 ./Core/Src/system_stm32f4xx.o
                0x20000010                SystemCoreClock
 .data.uwTickPrio
                0x20000014        0x4 ./Drivers/STM32F4xx_HAL_Driver/Src/stm32f4xx_hal.o
                0x20000014                uwTickPrio
 .data.uwTickFreq
                0x20000018        0x1 ./Drivers/STM32F4xx_HAL_Driver/Src/stm32f4xx_hal.o
                0x20000018                uwTickFreq
 *(.RamFunc)
 *(.RamFunc*)
                0x2000001c                        . = ALIGN (0x4)
 *fill*         0x20000019        0x3 
                0x2000001c                        _edata = .
                0x08004a7c                        _siccmram = LOADADDR (.ccmram)

.igot.plt       0x2000001c        0x0 load address 0x08004a7c
 .igot.plt      0x2000001c        0x0 D:/STM32CubeIDE_1.16.0/STM32CubeIDE/plugins/com.st.stm32cube.ide.mcu.externaltools.gnu-tools-for-stm32.12.3.rel1.win32_1.0.200.202406191623/tools/bin/../lib/gcc/arm-none-eabi/12.3.1/thumb/v7e-m+fp/hard/crtbegin.o

.ccmram         0x10000000        0x0 load address 0x08004a7c
                0x10000000                        . = ALIGN (0x4)
                0x10000000                        _sccmram = .
 *(.ccmram)
 *(.ccmram*)
                0x10000000                        . = ALIGN (0x4)
                0x10000000                        _eccmram = .
                0x10000000                        . = ALIGN (0x4)

.bss            0x2000001c    0x25964
                0x2000001c                        _sbss = .
                0x2000001c                        __bss_start__ = _sbss
 *(.bss)
 .bss           0x2000001c       0x1c D:/STM32CubeIDE_1.16.0/STM32CubeIDE/plugins/com.st.stm32cube.ide.mcu.externaltools.gnu-tools-for-stm32.12.3.rel1.win32_1.0.200.202406191623/tools/bin/../lib/gcc/arm-none-eabi/12.3.1/thumb/v7e-m+fp/hard/crtbegin.o
 *(.bss*)
 .bss.hltdc     0x20000038       0xa8 ./Core/Src/LCD_Driver.o
 .bss.PeriphClkInitStruct
                0x200000e0       0x30 ./Core/Src/LCD_Driver.o
 .bss.LCD_Currentfonts
                0x20000110        0x4 ./Core/Src/LCD_Driver.o
 .bss.frameBuffer
                0x20000114    0x25800 ./Core/Src/LCD_Driver.o
                0x20000114                frameBuffer
 .bss.SpiHandle
                0x20025914       0x58 ./Core/Src/ili9341.o
 .bss.Is_LCD_IO_Initialized
                0x2002596c        0x1 ./Core/Src/ili9341.o
 *fill*         0x2002596d        0x3 
 .bss.Notes     0x20025970        0xc ./Core/Src/main.o
                0x20025970                Notes
 .bss.uwTick    0x2002597c        0x4 ./Drivers/STM32F4xx_HAL_Driver/Src/stm32f4xx_hal.o
                0x2002597c                uwTick
 *(COMMON)
                0x20025980                        . = ALIGN (0x4)
                0x20025980                        _ebss = .
                0x20025980                        __bss_end__ = _ebss

._user_heap_stack
                0x20025980      0x600
                0x20025980                        . = ALIGN (0x8)
                [!provide]                        PROVIDE (end = .)
                0x20025980                        PROVIDE (_end = .)
                0x20025b80                        . = (. + _Min_Heap_Size)
 *fill*         0x20025980      0x200 
                0x20025f80                        . = (. + _Min_Stack_Size)
 *fill*         0x20025b80      0x400 
                0x20025f80                        . = ALIGN (0x8)

/DISCARD/
 libc.a(*)
 libm.a(*)
 libgcc.a(*)

.ARM.attributes
                0x00000000       0x30
 *(.ARM.attributes)
 .ARM.attributes
                0x00000000       0x22 D:/STM32CubeIDE_1.16.0/STM32CubeIDE/plugins/com.st.stm32cube.ide.mcu.externaltools.gnu-tools-for-stm32.12.3.rel1.win32_1.0.200.202406191623/tools/bin/../lib/gcc/arm-none-eabi/12.3.1/thumb/v7e-m+fp/hard/crti.o
 .ARM.attributes
                0x00000022       0x34 D:/STM32CubeIDE_1.16.0/STM32CubeIDE/plugins/com.st.stm32cube.ide.mcu.externaltools.gnu-tools-for-stm32.12.3.rel1.win32_1.0.200.202406191623/tools/bin/../lib/gcc/arm-none-eabi/12.3.1/thumb/v7e-m+fp/hard/crtbegin.o
 .ARM.attributes
                0x00000056       0x34 ./Core/Src/LCD_Driver.o
 .ARM.attributes
                0x0000008a       0x34 ./Core/Src/fonts.o
 .ARM.attributes
                0x000000be       0x34 ./Core/Src/ili9341.o
 .ARM.attributes
                0x000000f2       0x34 ./Core/Src/main.o
 .ARM.attributes
                0x00000126       0x34 ./Core/Src/stm32f4xx_hal_msp.o
 .ARM.attributes
                0x0000015a       0x34 ./Core/Src/stm32f4xx_it.o
 .ARM.attributes
                0x0000018e       0x34 ./Core/Src/system_stm32f4xx.o
 .ARM.attributes
                0x000001c2       0x21 ./Core/Startup/startup_stm32f429zitx.o
 .ARM.attributes
                0x000001e3       0x34 ./Drivers/STM32F4xx_HAL_Driver/Src/stm32f4xx_hal.o
 .ARM.attributes
                0x00000217       0x34 ./Drivers/STM32F4xx_HAL_Driver/Src/stm32f4xx_hal_cortex.o
 .ARM.attributes
                0x0000024b       0x34 ./Drivers/STM32F4xx_HAL_Driver/Src/stm32f4xx_hal_gpio.o
 .ARM.attributes
                0x0000027f       0x34 ./Drivers/STM32F4xx_HAL_Driver/Src/stm32f4xx_hal_rcc.o
 .ARM.attributes
                0x000002b3       0x34 ./Drivers/STM32F4xx_HAL_Driver/Src/stm32f4xx_hal_rcc_ex.o
 .ARM.attributes
                0x000002e7       0x34 ./Drivers/STM32F4xx_HAL_Driver/Src/stm32f4xx_hal_spi.o
 .ARM.attributes
                0x0000031b       0x34 ./Drivers/STM32F4xx_HAL_Driver/Src/stm32fxx_hal_ltdc.o
 .ARM.attributes
                0x0000034f       0x34 D:/STM32CubeIDE_1.16.0/STM32CubeIDE/plugins/com.st.stm32cube.ide.mcu.externaltools.gnu-tools-for-stm32.12.3.rel1.win32_1.0.200.202406191623/tools/bin/../lib/gcc/arm-none-eabi/12.3.1/../../../../arm-none-eabi/lib/thumb/v7e-m+fp/hard\libc_nano.a(libc_a-memset.o)
 .ARM.attributes
                0x00000383       0x34 D:/STM32CubeIDE_1.16.0/STM32CubeIDE/plugins/com.st.stm32cube.ide.mcu.externaltools.gnu-tools-for-stm32.12.3.rel1.win32_1.0.200.202406191623/tools/bin/../lib/gcc/arm-none-eabi/12.3.1/../../../../arm-none-eabi/lib/thumb/v7e-m+fp/hard\libc_nano.a(libc_a-init.o)
 .ARM.attributes
                0x000003b7       0x22 D:/STM32CubeIDE_1.16.0/STM32CubeIDE/plugins/com.st.stm32cube.ide.mcu.externaltools.gnu-tools-for-stm32.12.3.rel1.win32_1.0.200.202406191623/tools/bin/../lib/gcc/arm-none-eabi/12.3.1/thumb/v7e-m+fp/hard\libgcc.a(_aeabi_uldivmod.o)
 .ARM.attributes
                0x000003d9       0x34 D:/STM32CubeIDE_1.16.0/STM32CubeIDE/plugins/com.st.stm32cube.ide.mcu.externaltools.gnu-tools-for-stm32.12.3.rel1.win32_1.0.200.202406191623/tools/bin/../lib/gcc/arm-none-eabi/12.3.1/thumb/v7e-m+fp/hard\libgcc.a(_udivmoddi4.o)
 .ARM.attributes
                0x0000040d       0x22 D:/STM32CubeIDE_1.16.0/STM32CubeIDE/plugins/com.st.stm32cube.ide.mcu.externaltools.gnu-tools-for-stm32.12.3.rel1.win32_1.0.200.202406191623/tools/bin/../lib/gcc/arm-none-eabi/12.3.1/thumb/v7e-m+fp/hard\libgcc.a(_dvmd_tls.o)
 .ARM.attributes
                0x0000042f       0x22 D:/STM32CubeIDE_1.16.0/STM32CubeIDE/plugins/com.st.stm32cube.ide.mcu.externaltools.gnu-tools-for-stm32.12.3.rel1.win32_1.0.200.202406191623/tools/bin/../lib/gcc/arm-none-eabi/12.3.1/thumb/v7e-m+fp/hard/crtn.o
OUTPUT(Pump_Up_The_Jam.elf elf32-littlearm)
LOAD linker stubs
LOAD D:/STM32CubeIDE_1.16.0/STM32CubeIDE/plugins/com.st.stm32cube.ide.mcu.externaltools.gnu-tools-for-stm32.12.3.rel1.win32_1.0.200.202406191623/tools/bin/../lib/gcc/arm-none-eabi/12.3.1/../../../../arm-none-eabi/lib/thumb/v7e-m+fp/hard\libc.a
LOAD D:/STM32CubeIDE_1.16.0/STM32CubeIDE/plugins/com.st.stm32cube.ide.mcu.externaltools.gnu-tools-for-stm32.12.3.rel1.win32_1.0.200.202406191623/tools/bin/../lib/gcc/arm-none-eabi/12.3.1/../../../../arm-none-eabi/lib/thumb/v7e-m+fp/hard\libm.a
LOAD D:/STM32CubeIDE_1.16.0/STM32CubeIDE/plugins/com.st.stm32cube.ide.mcu.externaltools.gnu-tools-for-stm32.12.3.rel1.win32_1.0.200.202406191623/tools/bin/../lib/gcc/arm-none-eabi/12.3.1/thumb/v7e-m+fp/hard\libgcc.a

.debug_info     0x00000000     0x8129
 .debug_info    0x00000000      0xdd6 ./Core/Src/LCD_Driver.o
 .debug_info    0x00000dd6      0x145 ./Core/Src/fonts.o
 .debug_info    0x00000f1b      0xc85 ./Core/Src/ili9341.o
 .debug_info    0x00001ba0      0x9a4 ./Core/Src/main.o
 .debug_info    0x00002544      0x2a2 ./Core/Src/stm32f4xx_hal_msp.o
 .debug_info    0x000027e6      0x120 ./Core/Src/stm32f4xx_it.o
 .debug_info    0x00002906      0x52e ./Core/Src/system_stm32f4xx.o
 .debug_info    0x00002e34       0x30 ./Core/Startup/startup_stm32f429zitx.o
 .debug_info    0x00002e64      0x9ba ./Drivers/STM32F4xx_HAL_Driver/Src/stm32f4xx_hal.o
 .debug_info    0x0000381e      0xdc2 ./Drivers/STM32F4xx_HAL_Driver/Src/stm32f4xx_hal_cortex.o
 .debug_info    0x000045e0      0x6db ./Drivers/STM32F4xx_HAL_Driver/Src/stm32f4xx_hal_gpio.o
 .debug_info    0x00004cbb      0x8db ./Drivers/STM32F4xx_HAL_Driver/Src/stm32f4xx_hal_rcc.o
 .debug_info    0x00005596      0x64c ./Drivers/STM32F4xx_HAL_Driver/Src/stm32f4xx_hal_rcc_ex.o
 .debug_info    0x00005be2     0x1525 ./Drivers/STM32F4xx_HAL_Driver/Src/stm32f4xx_hal_spi.o
 .debug_info    0x00007107     0x1022 ./Drivers/STM32F4xx_HAL_Driver/Src/stm32fxx_hal_ltdc.o

.debug_abbrev   0x00000000     0x1bdd
 .debug_abbrev  0x00000000      0x2c7 ./Core/Src/LCD_Driver.o
 .debug_abbrev  0x000002c7       0xc6 ./Core/Src/fonts.o
 .debug_abbrev  0x0000038d      0x2c9 ./Core/Src/ili9341.o
 .debug_abbrev  0x00000656      0x2c9 ./Core/Src/main.o
 .debug_abbrev  0x0000091f       0xf4 ./Core/Src/stm32f4xx_hal_msp.o
 .debug_abbrev  0x00000a13       0x73 ./Core/Src/stm32f4xx_it.o
 .debug_abbrev  0x00000a86      0x11a ./Core/Src/system_stm32f4xx.o
 .debug_abbrev  0x00000ba0       0x24 ./Core/Startup/startup_stm32f429zitx.o
 .debug_abbrev  0x00000bc4      0x214 ./Drivers/STM32F4xx_HAL_Driver/Src/stm32f4xx_hal.o
 .debug_abbrev  0x00000dd8      0x31d ./Drivers/STM32F4xx_HAL_Driver/Src/stm32f4xx_hal_cortex.o
 .debug_abbrev  0x000010f5      0x1d4 ./Drivers/STM32F4xx_HAL_Driver/Src/stm32f4xx_hal_gpio.o
 .debug_abbrev  0x000012c9      0x2b7 ./Drivers/STM32F4xx_HAL_Driver/Src/stm32f4xx_hal_rcc.o
 .debug_abbrev  0x00001580      0x1b0 ./Drivers/STM32F4xx_HAL_Driver/Src/stm32f4xx_hal_rcc_ex.o
 .debug_abbrev  0x00001730      0x27a ./Drivers/STM32F4xx_HAL_Driver/Src/stm32f4xx_hal_spi.o
 .debug_abbrev  0x000019aa      0x233 ./Drivers/STM32F4xx_HAL_Driver/Src/stm32fxx_hal_ltdc.o

.debug_aranges  0x00000000      0x910
 .debug_aranges
                0x00000000       0x88 ./Core/Src/LCD_Driver.o
 .debug_aranges
                0x00000088       0x18 ./Core/Src/fonts.o
 .debug_aranges
                0x000000a0       0x98 ./Core/Src/ili9341.o
 .debug_aranges
                0x00000138       0x78 ./Core/Src/main.o
 .debug_aranges
                0x000001b0       0x20 ./Core/Src/stm32f4xx_hal_msp.o
 .debug_aranges
                0x000001d0       0x60 ./Core/Src/stm32f4xx_it.o
 .debug_aranges
                0x00000230       0x28 ./Core/Src/system_stm32f4xx.o
 .debug_aranges
                0x00000258       0x28 ./Core/Startup/startup_stm32f429zitx.o
 .debug_aranges
                0x00000280      0x100 ./Drivers/STM32F4xx_HAL_Driver/Src/stm32f4xx_hal.o
 .debug_aranges
                0x00000380      0x130 ./Drivers/STM32F4xx_HAL_Driver/Src/stm32f4xx_hal_cortex.o
 .debug_aranges
                0x000004b0       0x58 ./Drivers/STM32F4xx_HAL_Driver/Src/stm32f4xx_hal_gpio.o
 .debug_aranges
                0x00000508       0x88 ./Drivers/STM32F4xx_HAL_Driver/Src/stm32f4xx_hal_rcc.o
 .debug_aranges
                0x00000590       0x58 ./Drivers/STM32F4xx_HAL_Driver/Src/stm32f4xx_hal_rcc_ex.o
 .debug_aranges
                0x000005e8      0x1d0 ./Drivers/STM32F4xx_HAL_Driver/Src/stm32f4xx_hal_spi.o
 .debug_aranges
                0x000007b8      0x158 ./Drivers/STM32F4xx_HAL_Driver/Src/stm32fxx_hal_ltdc.o

.debug_rnglists
                0x00000000      0x6b8
 .debug_rnglists
                0x00000000       0x67 ./Core/Src/LCD_Driver.o
 .debug_rnglists
                0x00000067       0x6f ./Core/Src/ili9341.o
 .debug_rnglists
                0x000000d6       0x5d ./Core/Src/main.o
 .debug_rnglists
                0x00000133       0x13 ./Core/Src/stm32f4xx_hal_msp.o
 .debug_rnglists
                0x00000146       0x43 ./Core/Src/stm32f4xx_it.o
 .debug_rnglists
                0x00000189       0x1a ./Core/Src/system_stm32f4xx.o
 .debug_rnglists
                0x000001a3       0x19 ./Core/Startup/startup_stm32f429zitx.o
 .debug_rnglists
                0x000001bc       0xbb ./Drivers/STM32F4xx_HAL_Driver/Src/stm32f4xx_hal.o
 .debug_rnglists
                0x00000277       0xe0 ./Drivers/STM32F4xx_HAL_Driver/Src/stm32f4xx_hal_cortex.o
 .debug_rnglists
                0x00000357       0x3f ./Drivers/STM32F4xx_HAL_Driver/Src/stm32f4xx_hal_gpio.o
 .debug_rnglists
                0x00000396       0x66 ./Drivers/STM32F4xx_HAL_Driver/Src/stm32f4xx_hal_rcc.o
 .debug_rnglists
                0x000003fc       0x43 ./Drivers/STM32F4xx_HAL_Driver/Src/stm32f4xx_hal_rcc_ex.o
 .debug_rnglists
                0x0000043f      0x16f ./Drivers/STM32F4xx_HAL_Driver/Src/stm32f4xx_hal_spi.o
 .debug_rnglists
                0x000005ae      0x10a ./Drivers/STM32F4xx_HAL_Driver/Src/stm32fxx_hal_ltdc.o

.debug_macro    0x00000000    0x24209
 .debug_macro   0x00000000      0x20e ./Core/Src/LCD_Driver.o
 .debug_macro   0x0000020e      0xab4 ./Core/Src/LCD_Driver.o
 .debug_macro   0x00000cc2      0x29b ./Core/Src/LCD_Driver.o
 .debug_macro   0x00000f5d       0x2e ./Core/Src/LCD_Driver.o
 .debug_macro   0x00000f8b       0x28 ./Core/Src/LCD_Driver.o
 .debug_macro   0x00000fb3       0x22 ./Core/Src/LCD_Driver.o
 .debug_macro   0x00000fd5       0x8e ./Core/Src/LCD_Driver.o
 .debug_macro   0x00001063       0x51 ./Core/Src/LCD_Driver.o
 .debug_macro   0x000010b4      0x103 ./Core/Src/LCD_Driver.o
 .debug_macro   0x000011b7       0x6a ./Core/Src/LCD_Driver.o
 .debug_macro   0x00001221      0x1df ./Core/Src/LCD_Driver.o
 .debug_macro   0x00001400       0x1c ./Core/Src/LCD_Driver.o
 .debug_macro   0x0000141c       0x22 ./Core/Src/LCD_Driver.o
 .debug_macro   0x0000143e       0xfb ./Core/Src/LCD_Driver.o
 .debug_macro   0x00001539     0x1011 ./Core/Src/LCD_Driver.o
 .debug_macro   0x0000254a      0x11f ./Core/Src/LCD_Driver.o
 .debug_macro   0x00002669    0x17ff1 ./Core/Src/LCD_Driver.o
 .debug_macro   0x0001a65a       0x6d ./Core/Src/LCD_Driver.o
 .debug_macro   0x0001a6c7     0x370a ./Core/Src/LCD_Driver.o
 .debug_macro   0x0001ddd1      0x189 ./Core/Src/LCD_Driver.o
 .debug_macro   0x0001df5a       0x5c ./Core/Src/LCD_Driver.o
 .debug_macro   0x0001dfb6      0xcba ./Core/Src/LCD_Driver.o
 .debug_macro   0x0001ec70      0x9e9 ./Core/Src/LCD_Driver.o
 .debug_macro   0x0001f659      0x115 ./Core/Src/LCD_Driver.o
 .debug_macro   0x0001f76e      0x156 ./Core/Src/LCD_Driver.o
 .debug_macro   0x0001f8c4       0xa5 ./Core/Src/LCD_Driver.o
 .debug_macro   0x0001f969      0x182 ./Core/Src/LCD_Driver.o
 .debug_macro   0x0001faeb      0x287 ./Core/Src/LCD_Driver.o
 .debug_macro   0x0001fd72       0x5f ./Core/Src/LCD_Driver.o
 .debug_macro   0x0001fdd1      0x236 ./Core/Src/LCD_Driver.o
 .debug_macro   0x00020007      0x132 ./Core/Src/LCD_Driver.o
 .debug_macro   0x00020139      0x41d ./Core/Src/LCD_Driver.o
 .debug_macro   0x00020556       0x2e ./Core/Src/LCD_Driver.o
 .debug_macro   0x00020584      0x198 ./Core/Src/LCD_Driver.o
 .debug_macro   0x0002071c       0xd6 ./Core/Src/LCD_Driver.o
 .debug_macro   0x000207f2      0x127 ./Core/Src/LCD_Driver.o
 .debug_macro   0x00020919       0xe2 ./Core/Src/LCD_Driver.o
 .debug_macro   0x000209fb       0x89 ./Core/Src/LCD_Driver.o
 .debug_macro   0x00020a84      0x225 ./Core/Src/LCD_Driver.o
 .debug_macro   0x00020ca9      0x134 ./Core/Src/LCD_Driver.o
 .debug_macro   0x00020ddd      0x332 ./Core/Src/LCD_Driver.o
 .debug_macro   0x0002110f       0x22 ./Core/Src/LCD_Driver.o
 .debug_macro   0x00021131      0x179 ./Core/Src/LCD_Driver.o
 .debug_macro   0x000212aa       0x88 ./Core/Src/LCD_Driver.o
 .debug_macro   0x00021332       0x6d ./Core/Src/fonts.o
 .debug_macro   0x0002139f      0x1e3 ./Core/Src/ili9341.o
 .debug_macro   0x00021582      0x32c ./Core/Src/ili9341.o
 .debug_macro   0x000218ae      0x303 ./Core/Src/main.o
 .debug_macro   0x00021bb1      0x17f ./Core/Src/main.o
 .debug_macro   0x00021d30       0x61 ./Core/Src/main.o
 .debug_macro   0x00021d91       0x2a ./Core/Src/main.o
 .debug_macro   0x00021dbb       0x43 ./Core/Src/main.o
 .debug_macro   0x00021dfe       0x34 ./Core/Src/main.o
 .debug_macro   0x00021e32       0x16 ./Core/Src/main.o
 .debug_macro   0x00021e48       0x35 ./Core/Src/main.o
 .debug_macro   0x00021e7d      0x369 ./Core/Src/main.o
 .debug_macro   0x000221e6       0x10 ./Core/Src/main.o
 .debug_macro   0x000221f6       0x16 ./Core/Src/main.o
 .debug_macro   0x0002220c       0x43 ./Core/Src/main.o
 .debug_macro   0x0002224f       0x34 ./Core/Src/main.o
 .debug_macro   0x00022283       0x10 ./Core/Src/main.o
 .debug_macro   0x00022293       0x58 ./Core/Src/main.o
 .debug_macro   0x000222eb       0x8e ./Core/Src/main.o
 .debug_macro   0x00022379       0x1c ./Core/Src/main.o
 .debug_macro   0x00022395      0x177 ./Core/Src/main.o
 .debug_macro   0x0002250c       0x16 ./Core/Src/main.o
 .debug_macro   0x00022522       0x16 ./Core/Src/main.o
 .debug_macro   0x00022538      0x146 ./Core/Src/main.o
 .debug_macro   0x0002267e      0x662 ./Core/Src/main.o
 .debug_macro   0x00022ce0      0x2ef ./Core/Src/stm32f4xx_hal_msp.o
 .debug_macro   0x00022fcf      0x2f9 ./Core/Src/stm32f4xx_it.o
 .debug_macro   0x000232c8      0x1d4 ./Core/Src/system_stm32f4xx.o
 .debug_macro   0x0002349c      0x234 ./Drivers/STM32F4xx_HAL_Driver/Src/stm32f4xx_hal.o
 .debug_macro   0x000236d0      0x1d4 ./Drivers/STM32F4xx_HAL_Driver/Src/stm32f4xx_hal_cortex.o
 .debug_macro   0x000238a4      0x1da ./Drivers/STM32F4xx_HAL_Driver/Src/stm32f4xx_hal_gpio.o
 .debug_macro   0x00023a7e      0x1f8 ./Drivers/STM32F4xx_HAL_Driver/Src/stm32f4xx_hal_rcc.o
 .debug_macro   0x00023c76      0x1d4 ./Drivers/STM32F4xx_HAL_Driver/Src/stm32f4xx_hal_rcc_ex.o
 .debug_macro   0x00023e4a      0x1e3 ./Drivers/STM32F4xx_HAL_Driver/Src/stm32f4xx_hal_spi.o
 .debug_macro   0x0002402d      0x1dc ./Drivers/STM32F4xx_HAL_Driver/Src/stm32fxx_hal_ltdc.o

.debug_line     0x00000000     0xb3e7
 .debug_line    0x00000000      0xad4 ./Core/Src/LCD_Driver.o
 .debug_line    0x00000ad4      0x406 ./Core/Src/fonts.o
 .debug_line    0x00000eda      0x985 ./Core/Src/ili9341.o
 .debug_line    0x0000185f      0xe7d ./Core/Src/main.o
 .debug_line    0x000026dc      0x8d8 ./Core/Src/stm32f4xx_hal_msp.o
 .debug_line    0x00002fb4      0x999 ./Core/Src/stm32f4xx_it.o
 .debug_line    0x0000394d      0x7b9 ./Core/Src/system_stm32f4xx.o
 .debug_line    0x00004106       0x7a ./Core/Startup/startup_stm32f429zitx.o
 .debug_line    0x00004180      0xa67 ./Drivers/STM32F4xx_HAL_Driver/Src/stm32f4xx_hal.o
 .debug_line    0x00004be7      0xd23 ./Drivers/STM32F4xx_HAL_Driver/Src/stm32f4xx_hal_cortex.o
 .debug_line    0x0000590a      0xbe5 ./Drivers/STM32F4xx_HAL_Driver/Src/stm32f4xx_hal_gpio.o
 .debug_line    0x000064ef      0xdbc ./Drivers/STM32F4xx_HAL_Driver/Src/stm32f4xx_hal_rcc.o
 .debug_line    0x000072ab      0xc06 ./Drivers/STM32F4xx_HAL_Driver/Src/stm32f4xx_hal_rcc_ex.o
 .debug_line    0x00007eb1     0x1d4f ./Drivers/STM32F4xx_HAL_Driver/Src/stm32f4xx_hal_spi.o
 .debug_line    0x00009c00     0x17e7 ./Drivers/STM32F4xx_HAL_Driver/Src/stm32fxx_hal_ltdc.o

.debug_str      0x00000000    0xd5390
 .debug_str     0x00000000    0xce18a ./Core/Src/LCD_Driver.o
                              0xce4c9 (size before relaxing)
 .debug_str     0x000ce18a       0x40 ./Core/Src/fonts.o
                               0x3d60 (size before relaxing)
 .debug_str     0x000ce1ca      0x549 ./Core/Src/ili9341.o
                              0xcdc7b (size before relaxing)
 .debug_str     0x000ce713     0x4c70 ./Core/Src/main.o
                              0xd2c66 (size before relaxing)
 .debug_str     0x000d3383       0x49 ./Core/Src/stm32f4xx_hal_msp.o
                              0xd28ed (size before relaxing)
 .debug_str     0x000d33cc       0xc9 ./Core/Src/stm32f4xx_it.o
                              0xd2843 (size before relaxing)
 .debug_str     0x000d3495       0xdb ./Core/Src/system_stm32f4xx.o
                              0xcca6d (size before relaxing)
 .debug_str     0x000d3570       0x44 ./Core/Startup/startup_stm32f429zitx.o
                                 0x62 (size before relaxing)
 .debug_str     0x000d35b4      0xb7f ./Drivers/STM32F4xx_HAL_Driver/Src/stm32f4xx_hal.o
                              0xcd690 (size before relaxing)
 .debug_str     0x000d4133      0x392 ./Drivers/STM32F4xx_HAL_Driver/Src/stm32f4xx_hal_cortex.o
                              0xcd3be (size before relaxing)
 .debug_str     0x000d44c5      0x120 ./Drivers/STM32F4xx_HAL_Driver/Src/stm32f4xx_hal_gpio.o
                              0xccbe8 (size before relaxing)
 .debug_str     0x000d45e5      0x233 ./Drivers/STM32F4xx_HAL_Driver/Src/stm32f4xx_hal_rcc.o
                              0xccea1 (size before relaxing)
 .debug_str     0x000d4818      0x133 ./Drivers/STM32F4xx_HAL_Driver/Src/stm32f4xx_hal_rcc_ex.o
                              0xccc68 (size before relaxing)
 .debug_str     0x000d494b      0x57d ./Drivers/STM32F4xx_HAL_Driver/Src/stm32f4xx_hal_spi.o
                              0xcd318 (size before relaxing)
 .debug_str     0x000d4ec8      0x4c8 ./Drivers/STM32F4xx_HAL_Driver/Src/stm32fxx_hal_ltdc.o
                              0xcd0d0 (size before relaxing)

.comment        0x00000000       0x43
 .comment       0x00000000       0x43 ./Core/Src/LCD_Driver.o
                                 0x44 (size before relaxing)
 .comment       0x00000043       0x44 ./Core/Src/fonts.o
 .comment       0x00000043       0x44 ./Core/Src/ili9341.o
 .comment       0x00000043       0x44 ./Core/Src/main.o
 .comment       0x00000043       0x44 ./Core/Src/stm32f4xx_hal_msp.o
 .comment       0x00000043       0x44 ./Core/Src/stm32f4xx_it.o
 .comment       0x00000043       0x44 ./Core/Src/system_stm32f4xx.o
 .comment       0x00000043       0x44 ./Drivers/STM32F4xx_HAL_Driver/Src/stm32f4xx_hal.o
 .comment       0x00000043       0x44 ./Drivers/STM32F4xx_HAL_Driver/Src/stm32f4xx_hal_cortex.o
 .comment       0x00000043       0x44 ./Drivers/STM32F4xx_HAL_Driver/Src/stm32f4xx_hal_gpio.o
 .comment       0x00000043       0x44 ./Drivers/STM32F4xx_HAL_Driver/Src/stm32f4xx_hal_rcc.o
 .comment       0x00000043       0x44 ./Drivers/STM32F4xx_HAL_Driver/Src/stm32f4xx_hal_rcc_ex.o
 .comment       0x00000043       0x44 ./Drivers/STM32F4xx_HAL_Driver/Src/stm32f4xx_hal_spi.o
 .comment       0x00000043       0x44 ./Drivers/STM32F4xx_HAL_Driver/Src/stm32fxx_hal_ltdc.o

.debug_frame    0x00000000     0x2370
 .debug_frame   0x00000000      0x204 ./Core/Src/LCD_Driver.o
 .debug_frame   0x00000204      0x228 ./Core/Src/ili9341.o
 .debug_frame   0x0000042c      0x18c ./Core/Src/main.o
 .debug_frame   0x000005b8       0x34 ./Core/Src/stm32f4xx_hal_msp.o
 .debug_frame   0x000005ec      0x104 ./Core/Src/stm32f4xx_it.o
 .debug_frame   0x000006f0       0x58 ./Core/Src/system_stm32f4xx.o
 .debug_frame   0x00000748      0x3b4 ./Drivers/STM32F4xx_HAL_Driver/Src/stm32f4xx_hal.o
 .debug_frame   0x00000afc      0x508 ./Drivers/STM32F4xx_HAL_Driver/Src/stm32f4xx_hal_cortex.o
 .debug_frame   0x00001004      0x14c ./Drivers/STM32F4xx_HAL_Driver/Src/stm32f4xx_hal_gpio.o
 .debug_frame   0x00001150      0x1f4 ./Drivers/STM32F4xx_HAL_Driver/Src/stm32f4xx_hal_rcc.o
 .debug_frame   0x00001344      0x13c ./Drivers/STM32F4xx_HAL_Driver/Src/stm32f4xx_hal_rcc_ex.o
 .debug_frame   0x00001480      0x828 ./Drivers/STM32F4xx_HAL_Driver/Src/stm32f4xx_hal_spi.o
 .debug_frame   0x00001ca8      0x61c ./Drivers/STM32F4xx_HAL_Driver/Src/stm32fxx_hal_ltdc.o
 .debug_frame   0x000022c4       0x20 D:/STM32CubeIDE_1.16.0/STM32CubeIDE/plugins/com.st.stm32cube.ide.mcu.externaltools.gnu-tools-for-stm32.12.3.rel1.win32_1.0.200.202406191623/tools/bin/../lib/gcc/arm-none-eabi/12.3.1/../../../../arm-none-eabi/lib/thumb/v7e-m+fp/hard\libc_nano.a(libc_a-memset.o)
 .debug_frame   0x000022e4       0x2c D:/STM32CubeIDE_1.16.0/STM32CubeIDE/plugins/com.st.stm32cube.ide.mcu.externaltools.gnu-tools-for-stm32.12.3.rel1.win32_1.0.200.202406191623/tools/bin/../lib/gcc/arm-none-eabi/12.3.1/../../../../arm-none-eabi/lib/thumb/v7e-m+fp/hard\libc_nano.a(libc_a-init.o)
 .debug_frame   0x00002310       0x2c D:/STM32CubeIDE_1.16.0/STM32CubeIDE/plugins/com.st.stm32cube.ide.mcu.externaltools.gnu-tools-for-stm32.12.3.rel1.win32_1.0.200.202406191623/tools/bin/../lib/gcc/arm-none-eabi/12.3.1/thumb/v7e-m+fp/hard\libgcc.a(_aeabi_uldivmod.o)
 .debug_frame   0x0000233c       0x34 D:/STM32CubeIDE_1.16.0/STM32CubeIDE/plugins/com.st.stm32cube.ide.mcu.externaltools.gnu-tools-for-stm32.12.3.rel1.win32_1.0.200.202406191623/tools/bin/../lib/gcc/arm-none-eabi/12.3.1/thumb/v7e-m+fp/hard\libgcc.a(_udivmoddi4.o)

.debug_line_str
                0x00000000       0x46
 .debug_line_str
                0x00000000       0x46 ./Core/Startup/startup_stm32f429zitx.o
