../Core/Src/main.c:68:5:main	8	static
../Core/Src/main.c:121:6:SystemClock_Config	88	static
../Core/Src/main.c:168:13:MX_GPIO_Init	64	static
../Core/Src/main.c:253:6:LCD_Update	8	static
../Core/Src/main.c:315:6:Update	4	static
../Core/Src/main.c:391:6:Reset_Pins	4	static
../Core/Src/main.c:407:6:Arpeggio	8	static
../Core/Src/main.c:430:6:Polling	4	static
../Core/Src/main.c:517:6:getButtonState	16	static
../Core/Src/main.c:524:6:Button_Init	16	static
../Core/Src/main.c:535:6:Chromatic	8	static
../Core/Src/main.c:590:6:Error_Handler	4	static,ignoring_inline_asm
