../Core/Src/main.c:68:5:main	8	static
../Core/Src/main.c:117:6:SystemClock_Config	88	static
../Core/Src/main.c:164:13:MX_GPIO_Init	56	static
../Core/Src/main.c:250:6:Update	4	static
../Core/Src/main.c:326:6:Reset_Pins	4	static
../Core/Src/main.c:342:6:Arpeggio	8	static
../Core/Src/main.c:365:6:Polling	4	static
../Core/Src/main.c:452:6:getButtonState	16	static
../Core/Src/main.c:459:6:Button_Init	16	static
../Core/Src/main.c:470:6:Chromatic	8	static
../Core/Src/main.c:523:6:Error_Handler	4	static,ignoring_inline_asm
